Component: ARM Compiler 5.06 update 6 (build 750) Tool: armlink [4d35ed]

==============================================================================

Section Cross References

    main.o(i.main) refers to delay.o(i.delay_init) for delay_init
    main.o(i.main) refers to misc.o(i.NVIC_PriorityGroupConfig) for NVIC_PriorityGroupConfig
    main.o(i.main) refers to wy_pwm.o(i.TIM4_PWM_Init) for TIM4_PWM_Init
    main.o(i.main) refers to wy_adc.o(i.Adc_Init) for Adc_Init
    main.o(i.main) refers to wy_capture.o(i.General_Cap_Init) for General_Cap_Init
    main.o(i.main) refers to usart.o(i.uart_init) for uart_init
    main.o(i.main) refers to wy_timer.o(i.TIM_Init) for TIM_Init
    main.o(i.main) refers to wy_gpio.o(i.Gpio_Init) for Gpio_Init
    main.o(i.main) refers to wy_led.o(i.LED_Init) for LED_Init
    main.o(i.main) refers to wy_pwm.o(i.TIM4_PWM_SetDuty) for TIM4_PWM_SetDuty
    main.o(i.main) refers to delay.o(i.delay_ms) for delay_ms
    main.o(i.main) refers to wy_uart.o(i.USART_SendToKeYou) for USART_SendToKeYou
    main.o(i.main) refers to wy_adc.o(i.Get_Adc) for Get_Adc
    main.o(i.main) refers to wy_capture.o(i.GetCaptureTime) for GetCaptureTime
    main.o(i.main) refers to delay.o(i.delay_us) for delay_us
    main.o(i.main) refers to wy_adc.o(.data) for adc1
    main.o(i.main) refers to main.o(.data) for GapTime
    use.o(i.UART_GetEveryVar) refers to use.o(i.substr) for substr
    use.o(i.UART_GetEveryVar) refers to use.o(i.Var_Update) for Var_Update
    use.o(i.UART_GetEveryVar) refers to delay.o(i.delay_ms) for delay_ms
    use.o(i.UART_GetEveryVar) refers to rt_memclr.o(.text) for __aeabi_memclr
    use.o(i.UART_GetEveryVar) refers to wy_uart.o(.bss) for UsartRecData
    use.o(i.Var_Update) refers to atof.o(i.atof) for atof
    use.o(i.Var_Update) refers to d2f.o(x$fpl$d2f) for __aeabi_d2f
    use.o(i.Var_Update) refers to wy_uart.o(.bss) for Var_Str_Rec
    use.o(i.substr) refers to strlen.o(.text) for strlen
    pidctrl.o(i.PIDCTRL_CalcPIDGain) refers to fmul.o(x$fpl$fmul) for __aeabi_fmul
    pidctrl.o(i.PIDCTRL_CalcPIDGain) refers to faddsub_clz.o(x$fpl$fadd) for __aeabi_fadd
    pidctrl.o(i.PIDCTRL_CalcPIDGain_1) refers to fmul.o(x$fpl$fmul) for __aeabi_fmul
    pidctrl.o(i.PIDCTRL_CalcPIDGain_1) refers to faddsub_clz.o(x$fpl$frsb) for __aeabi_frsub
    pidctrl.o(i.PIDCTRL_CalcPIDGain_1) refers to faddsub_clz.o(x$fpl$fadd) for __aeabi_fadd
    pidctrl.o(i.PIDCTRL_CalcPIDGain_1) refers to faddsub_clz.o(x$fpl$fsub) for __aeabi_fsub
    pidctrl.o(i.PIDCTRL_ErrUpdate) refers to faddsub_clz.o(x$fpl$fadd) for __aeabi_fadd
    pidctrl.o(i.PIDCTRL_ErrUpdate) refers to faddsub_clz.o(x$fpl$fsub) for __aeabi_fsub
    system_stm32f10x.o(i.SetSysClock) refers to system_stm32f10x.o(i.SetSysClockTo72) for SetSysClockTo72
    system_stm32f10x.o(i.SystemCoreClockUpdate) refers to system_stm32f10x.o(.data) for SystemCoreClock
    system_stm32f10x.o(i.SystemInit) refers to system_stm32f10x.o(i.SetSysClock) for SetSysClock
    wy_menu.o(i.ArrayToData) refers to fflt_clz.o(x$fpl$fflt) for __aeabi_i2f
    wy_menu.o(i.ArrayToData) refers to fdiv.o(x$fpl$fdiv) for __aeabi_fdiv
    wy_menu.o(i.ArrayToData) refers to frleqf.o(x$fpl$frleqf) for __aeabi_cfrcmple
    wy_menu.o(i.ArrayToData) refers to fleqf.o(x$fpl$fleqf) for __aeabi_cfcmple
    wy_menu.o(i.ArrayToData) refers to wy_menu.o(.data) for CurItem
    wy_menu.o(i.ArrayToData) refers to wy_menu.o(.bss) for Item
    wy_menu.o(i.CreatItem) refers to strncpy.o(.text) for strncpy
    wy_menu.o(i.CreatItem) refers to rt_memcpy_w.o(.text) for __aeabi_memcpy4
    wy_menu.o(i.CreatItem) refers to wy_menu.o(.data) for ItemNum
    wy_menu.o(i.CreatItem) refers to control.o(.bss) for CAR
    wy_menu.o(i.CreatMenu) refers to wy_menu.o(i.CreatItem) for CreatItem
    wy_menu.o(i.CreatMenu) refers to rt_memcpy_w.o(.text) for __aeabi_memcpy4
    wy_menu.o(i.CreatMenu) refers to wy_menu.o(i.InsertItem) for InsertItem
    wy_menu.o(i.CreatMenu) refers to wy_menu.o(.bss) for Item
    wy_menu.o(i.DataUpdate) refers to fflt_clz.o(x$fpl$fflt) for __aeabi_i2f
    wy_menu.o(i.DataUpdate) refers to wy_menu.o(.bss) for Item
    wy_menu.o(i.DataUpdate) refers to control.o(.data) for mode
    wy_menu.o(i.DataUpdate) refers to control.o(.bss) for CAR
    wy_menu.o(i.DataUpdate) refers to wy_mpu6050.o(.data) for gyrox
    wy_menu.o(i.GetKey) refers to wy_menu.o(.data) for Keyflag
    wy_menu.o(i.KeyOperation) refers to delay.o(i.delay_ms) for delay_ms
    wy_menu.o(i.KeyOperation) refers to wy_flash.o(i.STMFLASH_Write) for STMFLASH_Write
    wy_menu.o(i.KeyOperation) refers to wy_menu.o(i.ModifyParaData) for ModifyParaData
    wy_menu.o(i.KeyOperation) refers to wy_menu.o(i.PrintMenu) for PrintMenu
    wy_menu.o(i.KeyOperation) refers to wy_menu.o(.data) for CurItem
    wy_menu.o(i.KeyOperation) refers to wy_menu.o(.bss) for Item
    wy_menu.o(i.KeyOperation) refers to control.o(.bss) for CAR
[...]
    i.NVIC_Init                              0x08000df4   Section        0  misc.o(i.NVIC_Init)
    i.NVIC_PriorityGroupConfig               0x08000e64   Section        0  misc.o(i.NVIC_PriorityGroupConfig)
    i.PendSV_Handler                         0x08000e78   Section        0  stm32f10x_it.o(i.PendSV_Handler)
    i.RCC_ADCCLKConfig                       0x08000e7c   Section        0  stm32f10x_rcc.o(i.RCC_ADCCLKConfig)
    i.RCC_APB1PeriphClockCmd                 0x08000e94   Section        0  stm32f10x_rcc.o(i.RCC_APB1PeriphClockCmd)
    i.RCC_APB2PeriphClockCmd                 0x08000eb4   Section        0  stm32f10x_rcc.o(i.RCC_APB2PeriphClockCmd)
    i.RCC_APB2PeriphResetCmd                 0x08000ed4   Section        0  stm32f10x_rcc.o(i.RCC_APB2PeriphResetCmd)
    i.RCC_GetClocksFreq                      0x08000ef4   Section        0  stm32f10x_rcc.o(i.RCC_GetClocksFreq)
    i.Read_EncoderA                          0x08000fc8   Section        0  wy_encode.o(i.Read_EncoderA)
    i.Read_EncoderB                          0x08001000   Section        0  wy_encode.o(i.Read_EncoderB)
    i.SVC_Handler                            0x08001034   Section        0  stm32f10x_it.o(i.SVC_Handler)
    i.SetSysClock                            0x08001036   Section        0  system_stm32f10x.o(i.SetSysClock)
    SetSysClock                              0x08001037   Thumb Code     8  system_stm32f10x.o(i.SetSysClock)
    i.SetSysClockTo72                        0x08001040   Section        0  system_stm32f10x.o(i.SetSysClockTo72)
    SetSysClockTo72                          0x08001041   Thumb Code   214  system_stm32f10x.o(i.SetSysClockTo72)
    i.SysTick_CLKSourceConfig                0x08001120   Section        0  misc.o(i.SysTick_CLKSourceConfig)
    i.SysTick_Handler                        0x08001148   Section        0  stm32f10x_it.o(i.SysTick_Handler)
    i.SystemInit                             0x0800114c   Section        0  system_stm32f10x.o(i.SystemInit)
    i.TI1_Config                             0x080011ac   Section        0  stm32f10x_tim.o(i.TI1_Config)
    TI1_Config                               0x080011ad   Thumb Code   108  stm32f10x_tim.o(i.TI1_Config)
    i.TI2_Config                             0x0800122c   Section        0  stm32f10x_tim.o(i.TI2_Config)
    TI2_Config                               0x0800122d   Thumb Code   130  stm32f10x_tim.o(i.TI2_Config)
    i.TI3_Config                             0x080012c4   Section        0  stm32f10x_tim.o(i.TI3_Config)
    TI3_Config                               0x080012c5   Thumb Code   122  stm32f10x_tim.o(i.TI3_Config)
    i.TI4_Config                             0x08001354   Section        0  stm32f10x_tim.o(i.TI4_Config)
    TI4_Config                               0x08001355   Thumb Code   130  stm32f10x_tim.o(i.TI4_Config)
    i.TIM3_IRQHandler                        0x080013ec   Section        0  wy_capture.o(i.TIM3_IRQHandler)
    i.TIM4_PWM_Init                          0x080014b0   Section        0  wy_pwm.o(i.TIM4_PWM_Init)
    i.TIM4_PWM_SetDuty                       0x08001584   Section        0  wy_pwm.o(i.TIM4_PWM_SetDuty)
    i.TIM6_IRQHandler                        0x0800163c   Section        0  wy_timer.o(i.TIM6_IRQHandler)
    i.TIM7_IRQHandler                        0x0800167c   Section        0  wy_timer.o(i.TIM7_IRQHandler)
    i.TIM_ARRPreloadConfig                   0x080016a0   Section        0  stm32f10x_tim.o(i.TIM_ARRPreloadConfig)
    i.TIM_ClearFlag                          0x080016b8   Section        0  stm32f10x_tim.o(i.TIM_ClearFlag)
    i.TIM_ClearITPendingBit                  0x080016be   Section        0  stm32f10x_tim.o(i.TIM_ClearITPendingBit)
    i.TIM_Cmd                                0x080016c4   Section        0  stm32f10x_tim.o(i.TIM_Cmd)
    i.TIM_GetCapture4                        0x080016dc   Section        0  stm32f10x_tim.o(i.TIM_GetCapture4)
    i.TIM_GetITStatus                        0x080016e4   Section        0  stm32f10x_tim.o(i.TIM_GetITStatus)
    i.TIM_ICInit                             0x08001708   Section        0  stm32f10x_tim.o(i.TIM_ICInit)
    i.TIM_ITConfig                           0x080017b4   Section        0  stm32f10x_tim.o(i.TIM_ITConfig)
    i.TIM_Init                               0x080017c8   Section        0  wy_timer.o(i.TIM_Init)
    i.TIM_OC1Init                            0x0800190c   Section        0  stm32f10x_tim.o(i.TIM_OC1Init)
    i.TIM_OC1PreloadConfig                   0x080019a4   Section        0  stm32f10x_tim.o(i.TIM_OC1PreloadConfig)
    i.TIM_OC2Init                            0x080019b8   Section        0  stm32f10x_tim.o(i.TIM_OC2Init)
    i.TIM_OC2PreloadConfig                   0x08001a5c   Section        0  stm32f10x_tim.o(i.TIM_OC2PreloadConfig)
    i.TIM_OC4PolarityConfig                  0x08001a76   Section        0  stm32f10x_tim.o(i.TIM_OC4PolarityConfig)
    i.TIM_SetCompare1                        0x08001a90   Section        0  stm32f10x_tim.o(i.TIM_SetCompare1)
    i.TIM_SetCompare2                        0x08001a94   Section        0  stm32f10x_tim.o(i.TIM_SetCompare2)
    i.TIM_SetCounter                         0x08001a98   Section        0  stm32f10x_tim.o(i.TIM_SetCounter)
    i.TIM_SetIC1Prescaler                    0x08001a9c   Section        0  stm32f10x_tim.o(i.TIM_SetIC1Prescaler)
    i.TIM_SetIC2Prescaler                    0x08001aae   Section        0  stm32f10x_tim.o(i.TIM_SetIC2Prescaler)
    i.TIM_SetIC3Prescaler                    0x08001ac8   Section        0  stm32f10x_tim.o(i.TIM_SetIC3Prescaler)
    i.TIM_SetIC4Prescaler                    0x08001ada   Section        0  stm32f10x_tim.o(i.TIM_SetIC4Prescaler)
    i.TIM_TimeBaseInit                       0x08001af4   Section        0  stm32f10x_tim.o(i.TIM_TimeBaseInit)
    i.USART1_IRQHandler                      0x08001b98   Section        0  usart.o(i.USART1_IRQHandler)
    i.USART2_IRQHandler                      0x08001c94   Section        0  wy_openmv.o(i.USART2_IRQHandler)
    i.USART3_IRQHandler                      0x08001d94   Section        0  wy_host.o(i.USART3_IRQHandler)
    i.USART_Cmd                              0x08001e94   Section        0  stm32f10x_usart.o(i.USART_Cmd)
    i.USART_GetFlagStatus                    0x08001eac   Section        0  stm32f10x_usart.o(i.USART_GetFlagStatus)
    i.USART_GetITStatus                      0x08001ec6   Section        0  stm32f10x_usart.o(i.USART_GetITStatus)
    i.USART_ITConfig                         0x08001f1a   Section        0  stm32f10x_usart.o(i.USART_ITConfig)
    i.USART_Init                             0x08001f64   Section        0  stm32f10x_usart.o(i.USART_Init)
    i.USART_ReceiveData                      0x0800203c   Section        0  stm32f10x_usart.o(i.USART_ReceiveData)
    i.USART_SendData                         0x08002046   Section        0  stm32f10x_usart.o(i.USART_SendData)
    i.USART_SendToKeYou                      0x08002064   Section        0  wy_uart.o(i.USART_SendToKeYou)
    i.UsageFault_Handler                     0x08002110   Section        0  stm32f10x_it.o(i.UsageFault_Handler)
    i.__ARM_fpclassify                       0x08002114   Section        0  fpclassify.o(i.__ARM_fpclassify)
    i.__kernel_poly                          0x0800213c   Section        0  poly.o(i.__kernel_poly)
    i.__mathlib_dbl_infnan                   0x080021e6   Section        0  dunder.o(i.__mathlib_dbl_infnan)
    i.__mathlib_dbl_infnan2                  0x080021ec   Section        0  dunder.o(i.__mathlib_dbl_infnan2)
    i.__mathlib_dbl_invalid                  0x080021f0   Section        0  dunder.o(i.__mathlib_dbl_invalid)
    i.__mathlib_dbl_underflow                0x080021fc   Section        0  dunder.o(i.__mathlib_dbl_underflow)
    i._sys_exit                              0x0800220c   Section        0  usart.o(i._sys_exit)
    i.asin                                   0x08002210   Section        0  asin.o(i.asin)
    i.atan                                   0x08002480   Section        0  atan.o(i.atan)
    i.atan2                                  0x080026a0   Section        0  atan2.o(i.atan2)
    i.decode_gesture                         0x08002820   Section        0  inv_mpu_dmp_motion_driver.o(i.decode_gesture)
    decode_gesture                           0x08002821   Thumb Code    94  inv_mpu_dmp_motion_driver.o(i.decode_gesture)
    i.delay_init                             0x08002884   Section        0  delay.o(i.delay_init)
    i.delay_ms                               0x080028c8   Section        0  delay.o(i.delay_ms)
    i.delay_us                               0x08002914   Section        0  delay.o(i.delay_us)
    i.dmp_read_fifo                          0x08002960   Section        0  inv_mpu_dmp_motion_driver.o(i.dmp_read_fifo)
    i.main                                   0x08002b2c   Section        0  main.o(i.main)
    i.mget_ms                                0x08002bf0   Section        0  inv_mpu.o(i.mget_ms)
    i.mpu_dmp_get_data                       0x08002bf4   Section        0  inv_mpu.o(i.mpu_dmp_get_data)
    i.mpu_read_fifo_stream                   0x08002e18   Section        0  inv_mpu.o(i.mpu_read_fifo_stream)
    i.mpu_reset_fifo                         0x08002ed8   Section        0  inv_mpu.o(i.mpu_reset_fifo)
    i.sqrt                                   0x080030a0   Section        0  sqrt.o(i.sqrt)
    i.uart_init                              0x080030ec   Section        0  usart.o(i.uart_init)
    x$fpl$d2f                                0x08003190   Section       98  d2f.o(x$fpl$d2f)
    x$fpl$dadd                               0x080031f4   Section      336  daddsub_clz.o(x$fpl$dadd)
    _dadd1                                   0x08003205   Thumb Code     0  daddsub_clz.o(x$fpl$dadd)
    x$fpl$dcheck1                            0x08003344   Section       16  dcheck1.o(x$fpl$dcheck1)
    x$fpl$ddiv                               0x08003354   Section      688  ddiv.o(x$fpl$ddiv)
    ddiv_entry                               0x0800335b   Thumb Code     0  ddiv.o(x$fpl$ddiv)
    x$fpl$dmul                               0x08003604   Section      340  dmul.o(x$fpl$dmul)
    x$fpl$dnaninf                            0x08003758   Section      156  dnaninf.o(x$fpl$dnaninf)
    x$fpl$dretinf                            0x080037f4   Section       12  dretinf.o(x$fpl$dretinf)
    x$fpl$drsb                               0x08003800   Section       22  daddsub_clz.o(x$fpl$drsb)
    x$fpl$dsqrt                              0x08003818   Section      460  dsqrt_noumaal.o(x$fpl$dsqrt)
    x$fpl$dsub                               0x080039e4   Section      468  daddsub_clz.o(x$fpl$dsub)
    _dsub1                                   0x080039f5   Thumb Code     0  daddsub_clz.o(x$fpl$dsub)
    x$fpl$f2d                                0x08003bb8   Section       86  f2d.o(x$fpl$f2d)
    x$fpl$fadd                               0x08003c10   Section      196  faddsub_clz.o(x$fpl$fadd)
    _fadd1                                   0x08003c1f   Thumb Code     0  faddsub_clz.o(x$fpl$fadd)
    x$fpl$fcmpinf                            0x08003cd4   Section       24  fcmpi.o(x$fpl$fcmpinf)
    x$fpl$fdiv                               0x08003cec   Section      388  fdiv.o(x$fpl$fdiv)
    _fdiv1                                   0x08003ced   Thumb Code     0  fdiv.o(x$fpl$fdiv)
    x$fpl$feqf                               0x08003e70   Section      104  feqf.o(x$fpl$feqf)
    x$fpl$ffixu                              0x08003ed8   Section       62  ffixu.o(x$fpl$ffixu)
    x$fpl$fflt                               0x08003f18   Section       48  fflt_clz.o(x$fpl$fflt)
    x$fpl$ffltu                              0x08003f48   Section       38  fflt_clz.o(x$fpl$ffltu)
    x$fpl$fleqf                              0x08003f70   Section      104  fleqf.o(x$fpl$fleqf)
    x$fpl$fmul                               0x08003fd8   Section      258  fmul.o(x$fpl$fmul)
    x$fpl$fnaninf                            0x080040da   Section      140  fnaninf.o(x$fpl$fnaninf)
    x$fpl$fretinf                            0x08004166   Section       10  fretinf.o(x$fpl$fretinf)
    x$fpl$frleqf                             0x08004170   Section       98  frleqf.o(x$fpl$frleqf)
    x$fpl$frsb                               0x080041d2   Section       20  faddsub_clz.o(x$fpl$frsb)
    x$fpl$fsub                               0x080041e8   Section      234  faddsub_clz.o(x$fpl$fsub)
    _fsub1                                   0x080041f7   Thumb Code     0  faddsub_clz.o(x$fpl$fsub)
    x$fpl$retnan                             0x080042d2   Section      100  retnan.o(x$fpl$retnan)
    x$fpl$scalbn                             0x08004336   Section       92  scalbn.o(x$fpl$scalbn)
    x$fpl$trapveneer                         0x08004392   Section       48  trapv.o(x$fpl$trapveneer)
    x$fpl$usenofp                            0x080043c2   Section        0  usenofp.o(x$fpl$usenofp)
    .constdata                               0x080043c4   Section       80  inv_mpu.o(.constdata)
    .constdata                               0x08004418   Section       80  asin.o(.constdata)
    pS                                       0x08004418   Data          48  asin.o(.constdata)
    qS                                       0x08004448   Data          32  asin.o(.constdata)
    .constdata                               0x08004468   Section      152  atan.o(.constdata)
    atanhi                                   0x08004468   Data          32  atan.o(.constdata)
    atanlo                                   0x08004488   Data          32  atan.o(.constdata)
    aTodd                                    0x080044a8   Data          40  atan.o(.constdata)
    aTeven                                   0x080044d0   Data          48  atan.o(.constdata)
    .constdata                               0x08004500   Section        8  qnan.o(.constdata)
    .data                                    0x20000000   Section       13  main.o(.data)
    .data                                    0x20000010   Section       20  system_stm32f10x.o(.data)
    .data                                    0x20000024   Section        8  wy_uart.o(.data)
    .data                                    0x2000002c   Section        4  wy_pwm.o(.data)
    .data                                    0x20000030   Section       24  wy_encode.o(.data)
    .data                                    0x20000048   Section       12  wy_capture.o(.data)
    temp                                     0x20000050   Data           4  wy_capture.o(.data)
    .data                                    0x20000054   Section        6  wy_adc.o(.data)
    .data                                    0x2000005c   Section       26  wy_mpu6050.o(.data)
    .data                                    0x20000078   Section       53  inv_mpu.o(.data)
    st                                       0x20000078   Data          44  inv_mpu.o(.data)
    gyro_orientation                         0x200000a4   Data           9  inv_mpu.o(.data)
    .data                                    0x200000ad   Section        2  wy_openmv.o(.data)
    Receive_Suspicous                        0x200000ad   Data           1  wy_openmv.o(.data)
    Receive_Flag                             0x200000ae   Data           1  wy_openmv.o(.data)
    .data                                    0x200000af   Section        2  wy_host.o(.data)
    Receive_Suspicous                        0x200000af   Data           1  wy_host.o(.data)
    Receive_Flag                             0x200000b0   Data           1  wy_host.o(.data)
    .data                                    0x200000b2   Section        4  delay.o(.data)
    fac_us                                   0x200000b2   Data           1  delay.o(.data)
    fac_ms                                   0x200000b4   Data           2  delay.o(.data)
    .data                                    0x200000b8   Section        8  usart.o(.data)
    Receive_Suspicous                        0x200000be   Data           1  usart.o(.data)
    Receive_Flag                             0x200000bf   Data           1  usart.o(.data)
    .data                                    0x200000c0   Section       20  stm32f10x_rcc.o(.data)
    APBAHBPrescTable                         0x200000c0   Data          16  stm32f10x_rcc.o(.data)
    ADCPrescTable                            0x200000d0   Data           4  stm32f10x_rcc.o(.data)
    .bss                                     0x200000d4   Section     1410  wy_uart.o(.bss)
    .bss                                     0x20000658   Section       16  inv_mpu_dmp_motion_driver.o(.bss)
    dmp                                      0x20000658   Data          16  inv_mpu_dmp_motion_driver.o(.bss)
    .bss                                     0x20000668   Section      200  usart.o(.bss)
    .bss                                     0x20000730   Section       96  libspace.o(.bss)
    HEAP                                     0x20000790   Section      512  startup_stm32f10x_hd.o(HEAP)
    Heap_Mem                                 0x20000790   Data         512  startup_stm32f10x_hd.o(HEAP)
    STACK                                    0x20000990   Section     1024  startup_stm32f10x_hd.o(STACK)
    Stack_Mem                                0x20000990   Data        1024  startup_stm32f10x_hd.o(STACK)
    __initial_sp                             0x20000d90   Data           0  startup_stm32f10x_hd.o(STACK)

    Global Symbols

    Symbol Name                              Value     Ov Type        Size  Object(Section)

    BuildAttributes$$THM_ISAv4$P$D$K$B$S$PE$A:L22UL41UL21$X:L11$S22US41US21$IEEE1$IW$USESV6$~STKCKD$USESV7$~SHL$OTIME$ROPI$IEEEX$EBA8$UX$STANDARDLIB$REQ8$PRES8$EABIv2 0x00000000   Number         0  anon$$obj.o ABSOLUTE
    __ARM_use_no_argv                        0x00000000   Number         0  main.o ABSOLUTE
    _printf_flags                            0x00000000   Number         0  printf_stubs.o ABSOLUTE
    _printf_return_value                     0x00000000   Number         0  printf_stubs.o ABSOLUTE
    _printf_sizespec                         0x00000000   Number         0  printf_stubs.o ABSOLUTE
    _printf_widthprec                        0x00000000   Number         0  printf_stubs.o ABSOLUTE
    __ARM_exceptions_init                     - Undefined Weak Reference
    __alloca_initialize                       - Undefined Weak Reference
    __arm_preinit_                            - Undefined Weak Reference
    __cpp_initialize__aeabi_                  - Undefined Weak Reference
    __cxa_finalize                            - Undefined Weak Reference
    __sigvec_lookup                           - Undefined Weak Reference
    _atexit_init                              - Undefined Weak Reference
    _call_atexit_fns                          - Undefined Weak Reference
    _clock_init                               - Undefined Weak Reference
    _fp_trap_init                             - Undefined Weak Reference
    _fp_trap_shutdown                         - Undefined Weak Reference
    _get_lc_collate                           - Undefined Weak Reference
    _get_lc_monetary                          - Undefined Weak Reference
    _get_lc_time                              - Undefined Weak Reference
    _getenv_init                              - Undefined Weak Reference
    _handle_redirection                       - Undefined Weak Reference
    _init_alloc                               - Undefined Weak Reference
    _init_user_alloc                          - Undefined Weak Reference
    _initio                                   - Undefined Weak Reference
    _mutex_acquire                            - Undefined Weak Reference
    _mutex_release                            - Undefined Weak Reference
    _printf_truncate_signed                   - Undefined Weak Reference
    _printf_truncate_unsigned                 - Undefined Weak Reference
    _rand_init                                - Undefined Weak Reference
    _signal_finish                            - Undefined Weak Reference
    _signal_init                              - Undefined Weak Reference
    _terminate_alloc                          - Undefined Weak Reference
    _terminate_user_alloc                     - Undefined Weak Reference
    _terminateio                              - Undefined Weak Reference
    __Vectors_Size                           0x00000130   Number         0  startup_stm32f10x_hd.o ABSOLUTE
    __Vectors                                0x08000000   Data           4  startup_stm32f10x_hd.o(RESET)
    __Vectors_End                            0x08000130   Data           0  startup_stm32f10x_hd.o(RESET)
    __main                                   0x08000131   Thumb Code     8  __main.o(!!!main)
    __scatterload                            0x08000139   Thumb Code     0  __scatter.o(!!!scatter)
    __scatterload_rt2                        0x08000139   Thumb Code    44  __scatter.o(!!!scatter)
    __scatterload_rt2_thumb_only             0x08000139   Thumb Code     0  __scatter.o(!!!scatter)
    __scatterload_null                       0x08000147   Thumb Code     0  __scatter.o(!!!scatter)
    __scatterload_copy                       0x0800016d   Thumb Code    26  __scatter_copy.o(!!handler_copy)
    __scatterload_zeroinit                   0x08000189   Thumb Code    28  __scatter_zi.o(!!handler_zi)
    __rt_lib_init                            0x080001a5   Thumb Code     0  libinit.o(.ARM.Collect$$libinit$$00000000)
    __rt_lib_init_alloca_1                   0x080001a7   Thumb Code     0  libinit2.o(.ARM.Collect$$libinit$$0000002E)
    __rt_lib_init_argv_1                     0x080001a7   Thumb Code     0  libinit2.o(.ARM.Collect$$libinit$$0000002C)
    __rt_lib_init_atexit_1                   0x080001a7   Thumb Code     0  libinit2.o(.ARM.Collect$$libinit$$0000001B)
    __rt_lib_init_clock_1                    0x080001a7   Thumb Code     0  libinit2.o(.ARM.Collect$$libinit$$00000021)
    __rt_lib_init_cpp_1                      0x080001a7   Thumb Code     0  libinit2.o(.ARM.Collect$$libinit$$00000032)
    __rt_lib_init_exceptions_1               0x080001a7   Thumb Code     0  libinit2.o(.ARM.Collect$$libinit$$00000030)
    __rt_lib_init_fp_1                       0x080001a7   Thumb Code     0  libinit2.o(.ARM.Collect$$libinit$$00000002)
    __rt_lib_init_fp_trap_1                  0x080001a7   Thumb Code     0  libinit2.o(.ARM.Collect$$libinit$$0000001F)
    __rt_lib_init_getenv_1                   0x080001a7   Thumb Code     0  libinit2.o(.ARM.Collect$$libinit$$00000023)
    __rt_lib_init_heap_1                     0x080001a7   Thumb Code     0  libinit2.o(.ARM.Collect$$libinit$$0000000A)
    __rt_lib_init_lc_collate_1               0x080001a7   Thumb Code     0  libinit2.o(.ARM.Collect$$libinit$$00000011)
    __rt_lib_init_lc_ctype_1                 0x080001a7   Thumb Code     0  libinit2.o(.ARM.Collect$$libinit$$00000013)
    __rt_lib_init_lc_monetary_1              0x080001a7   Thumb Code     0  libinit2.o(.ARM.Collect$$libinit$$00000015)
    __rt_lib_init_lc_numeric_1               0x080001a7   Thumb Code     0  libinit2.o(.ARM.Collect$$libinit$$00000017)
    __rt_lib_init_lc_time_1                  0x080001a7   Thumb Code     0  libinit2.o(.ARM.Collect$$libinit$$00000019)
    __rt_lib_init_preinit_1                  0x080001a7   Thumb Code     0  libinit2.o(.ARM.Collect$$libinit$$00000004)
    __rt_lib_init_rand_1                     0x080001a7   Thumb Code     0  libinit2.o(.ARM.Collect$$libinit$$0000000E)
    __rt_lib_init_return                     0x080001a7   Thumb Code     0  libinit2.o(.ARM.Collect$$libinit$$00000033)
    __rt_lib_init_signal_1                   0x080001a7   Thumb Code     0  libinit2.o(.ARM.Collect$$libinit$$0000001D)
    __rt_lib_init_stdio_1                    0x080001a7   Thumb Code     0  libinit2.o(.ARM.Collect$$libinit$$00000025)
    __rt_lib_init_user_alloc_1               0x080001a7   Thumb Code     0  libinit2.o(.ARM.Collect$$libinit$$0000000C)
    __rt_lib_shutdown                        0x080001a9   Thumb Code     0  libshutdown.o(.ARM.Collect$$libshutdown$$00000000)
    __rt_lib_shutdown_cpp_1                  0x080001ab   Thumb Code     0  libshutdown2.o(.ARM.Collect$$libshutdown$$00000002)
    __rt_lib_shutdown_fp_trap_1              0x080001ab   Thumb Code     0  libshutdown2.o(.ARM.Collect$$libshutdown$$00000007)
    __rt_lib_shutdown_heap_1                 0x080001ab   Thumb Code     0  libshutdown2.o(.ARM.Collect$$libshutdown$$0000000F)
    __rt_lib_shutdown_return                 0x080001ab   Thumb Code     0  libshutdown2.o(.ARM.Collect$$libshutdown$$00000010)
    __rt_lib_shutdown_signal_1               0x080001ab   Thumb Code     0  libshutdown2.o(.ARM.Collect$$libshutdown$$0000000A)
    __rt_lib_shutdown_stdio_1                0x080001ab   Thumb Code     0  libshutdown2.o(.ARM.Collect$$libshutdown$$00000004)
    __rt_lib_shutdown_user_alloc_1           0x080001ab   Thumb Code     0  libshutdown2.o(.ARM.Collect$$libshutdown$$0000000C)
    __rt_entry                               0x080001ad   Thumb Code     0  __rtentry.o(.ARM.Collect$$rtentry$$00000000)
    __rt_entry_presh_1                       0x080001ad   Thumb Code     0  __rtentry2.o(.ARM.Collect$$rtentry$$00000002)
    __rt_entry_sh                            0x080001ad   Thumb Code     0  __rtentry4.o(.ARM.Collect$$rtentry$$00000004)
    __rt_entry_li                            0x080001b3   Thumb Code     0  __rtentry2.o(.ARM.Collect$$rtentry$$0000000A)
    __rt_entry_postsh_1                      0x080001b3   Thumb Code     0  __rtentry2.o(.ARM.Collect$$rtentry$$00000009)
    __rt_entry_main                          0x080001b7   Thumb Code     0  __rtentry2.o(.ARM.Collect$$rtentry$$0000000D)
    __rt_entry_postli_1                      0x080001b7   Thumb Code     0  __rtentry2.o(.ARM.Collect$$rtentry$$0000000C)
    __rt_exit                                0x080001bf   Thumb Code     0  rtexit.o(.ARM.Collect$$rtexit$$00000000)
    __rt_exit_ls                             0x080001c1   Thumb Code     0  rtexit2.o(.ARM.Collect$$rtexit$$00000003)
    __rt_exit_prels_1                        0x080001c1   Thumb Code     0  rtexit2.o(.ARM.Collect$$rtexit$$00000002)
    __rt_exit_exit                           0x080001c5   Thumb Code     0  rtexit2.o(.ARM.Collect$$rtexit$$00000004)
    Reset_Handler                            0x080001cd   Thumb Code     8  startup_stm32f10x_hd.o(.text)
    ADC1_2_IRQHandler                        0x080001e7   Thumb Code     0  startup_stm32f10x_hd.o(.text)
    ADC3_IRQHandler                          0x080001e7   Thumb Code     0  startup_stm32f10x_hd.o(.text)
    CAN1_RX1_IRQHandler                      0x080001e7   Thumb Code     0  startup_stm32f10x_hd.o(.text)
    CAN1_SCE_IRQHandler                      0x080001e7   Thumb Code     0  startup_stm32f10x_hd.o(.text)
    DMA1_Channel1_IRQHandler                 0x080001e7   Thumb Code     0  startup_stm32f10x_hd.o(.text)
    DMA1_Channel2_IRQHandler                 0x080001e7   Thumb Code     0  startup_stm32f10x_hd.o(.text)
    DMA1_Channel3_IRQHandler                 0x080001e7   Thumb Code     0  startup_stm32f10x_hd.o(.text)
    DMA1_Channel4_IRQHandler                 0x080001e7   Thumb Code     0  startup_stm32f10x_hd.o(.text)
    DMA1_Channel5_IRQHandler                 0x080001e7   Thumb Code     0  startup_stm32f10x_hd.o(.text)
    DMA1_Channel6_IRQHandler                 0x080001e7   Thumb Code     0  startup_stm32f10x_hd.o(.text)
    DMA1_Channel7_IRQHandler                 0x080001e7   Thumb Code     0  startup_stm32f10x_hd.o(.text)
    DMA2_Channel1_IRQHandler                 0x080001e7   Thumb Code     0  startup_stm32f10x_hd.o(.text)
    DMA2_Channel2_IRQHandler                 0x080001e7   Thumb Code     0  startup_stm32f10x_hd.o(.text)
    DMA2_Channel3_IRQHandler                 0x080001e7   Thumb Code     0  startup_stm32f10x_hd.o(.text)
    DMA2_Channel4_5_IRQHandler               0x080001e7   Thumb Code     0  startup_stm32f10x_hd.o(.text)
    EXTI0_IRQHandler                         0x080001e7   Thumb Code     0  startup_stm32f10x_hd.o(.text)
    EXTI15_10_IRQHandler                     0x080001e7   Thumb Code     0  startup_stm32f10x_hd.o(.text)
    EXTI1_IRQHandler                         0x080001e7   Thumb Code     0  startup_stm32f10x_hd.o(.text)
    EXTI2_IRQHandler                         0x080001e7   Thumb Code     0  startup_stm32f10x_hd.o(.text)
    EXTI3_IRQHandler                         0x080001e7   Thumb Code     0  startup_stm32f10x_hd.o(.text)
    EXTI4_IRQHandler                         0x080001e7   Thumb Code     0  startup_stm32f10x_hd.o(.text)
    FLASH_IRQHandler                         0x080001e7   Thumb Code     0  startup_stm32f10x_hd.o(.text)
    FSMC_IRQHandler                          0x080001e7   Thumb Code     0  startup_stm32f10x_hd.o(.text)
    I2C1_ER_IRQHandler                       0x080001e7   Thumb Code     0  startup_stm32f10x_hd.o(.text)
    I2C1_EV_IRQHandler                       0x080001e7   Thumb Code     0  startup_stm32f10x_hd.o(.text)
    I2C2_ER_IRQHandler                       0x080001e7   Thumb Code     0  startup_stm32f10x_hd.o(.text)
    I2C2_EV_IRQHandler                       0x080001e7   Thumb Code     0  startup_stm32f10x_hd.o(.text)
    PVD_IRQHandler                           0x080001e7   Thumb Code     0  startup_stm32f10x_hd.o(.text)
    RCC_IRQHandler                           0x080001e7   Thumb Code     0  startup_stm32f10x_hd.o(.text)
    RTCAlarm_IRQHandler                      0x080001e7   Thumb Code     0  startup_stm32f10x_hd.o(.text)
    RTC_IRQHandler                           0x080001e7   Thumb Code     0  startup_stm32f10x_hd.o(.text)
    SDIO_IRQHandler                          0x080001e7   Thumb Code     0  startup_stm32f10x_hd.o(.text)
    SPI1_IRQHandler                          0x080001e7   Thumb Code     0  startup_stm32f10x_hd.o(.text)
    SPI2_IRQHandler                          0x080001e7   Thumb Code     0  startup_stm32f10x_hd.o(.text)
    SPI3_IRQHandler                          0x080001e7   Thumb Code     0  startup_stm32f10x_hd.o(.text)
    TAMPER_IRQHandler                        0x080001e7   Thumb Code     0  startup_stm32f10x_hd.o(.text)
    TIM1_BRK_IRQHandler                      0x080001e7   Thumb Code     0  startup_stm32f10x_hd.o(.text)
    TIM1_CC_IRQHandler                       0x080001e7   Thumb Code     0  startup_stm32f10x_hd.o(.text)
    TIM1_TRG_COM_IRQHandler                  0x080001e7   Thumb Code     0  startup_stm32f10x_hd.o(.text)
    TIM1_UP_IRQHandler                       0x080001e7   Thumb Code     0  startup_stm32f10x_hd.o(.text)
    TIM2_IRQHandler                          0x080001e7   Thumb Code     0  startup_stm32f10x_hd.o(.text)
    TIM4_IRQHandler                          0x080001e7   Thumb Code     0  startup_stm32f10x_hd.o(.text)
    TIM5_IRQHandler                          0x080001e7   Thumb Code     0  startup_stm32f10x_hd.o(.text)
    TIM8_BRK_IRQHandler                      0x080001e7   Thumb Code     0  startup_stm32f10x_hd.o(.text)
    TIM8_CC_IRQHandler                       0x080001e7   Thumb Code     0  startup_stm32f10x_hd.o(.text)
    TIM8_TRG_COM_IRQHandler                  0x080001e7   Thumb Code     0  startup_stm32f10x_hd.o(.text)
    TIM8_UP_IRQHandler                       0x080001e7   Thumb Code     0  startup_stm32f10x_hd.o(.text)
    UART4_IRQHandler                         0x080001e7   Thumb Code     0  startup_stm32f10x_hd.o(.text)
    UART5_IRQHandler                         0x080001e7   Thumb Code     0  startup_stm32f10x_hd.o(.text)
    USBWakeUp_IRQHandler                     0x080001e7   Thumb Code     0  startup_stm32f10x_hd.o(.text)
    USB_HP_CAN1_TX_IRQHandler                0x080001e7   Thumb Code     0  startup_stm32f10x_hd.o(.text)
    USB_LP_CAN1_RX0_IRQHandler               0x080001e7   Thumb Code     0  startup_stm32f10x_hd.o(.text)
    WWDG_IRQHandler                          0x080001e7   Thumb Code     0  startup_stm32f10x_hd.o(.text)
    __user_initial_stackheap                 0x080001e9   Thumb Code     0  startup_stm32f10x_hd.o(.text)
    __use_no_semihosting                     0x0800020d   Thumb Code     2  use_no_semi_2.o(.text)
    __aeabi_memcpy                           0x0800020f   Thumb Code     0  rt_memcpy_v6.o(.text)
    __rt_memcpy                              0x0800020f   Thumb Code   138  rt_memcpy_v6.o(.text)
    _memcpy_lastbytes                        0x08000275   Thumb Code     0  rt_memcpy_v6.o(.text)
    __aeabi_memcpy4                          0x08000299   Thumb Code     0  rt_memcpy_w.o(.text)
    __aeabi_memcpy8                          0x08000299   Thumb Code     0  rt_memcpy_w.o(.text)
    __rt_memcpy_w                            0x08000299   Thumb Code   100  rt_memcpy_w.o(.text)
    _memcpy_lastbytes_aligned                0x080002e1   Thumb Code     0  rt_memcpy_w.o(.text)
    __aeabi_memclr                           0x080002fd   Thumb Code     0  rt_memclr.o(.text)
    __rt_memclr                              0x080002fd   Thumb Code    68  rt_memclr.o(.text)
    _memset                                  0x08000301   Thumb Code     0  rt_memclr.o(.text)
    __use_two_region_memory                  0x08000341   Thumb Code     2  heapauxi.o(.text)
    __rt_heap_escrow$2region                 0x08000343   Thumb Code     2  heapauxi.o(.text)
    __rt_heap_expand$2region                 0x08000345   Thumb Code     2  heapauxi.o(.text)
    __I$use$semihosting                      0x08000347   Thumb Code     0  use_no_semi.o(.text)
    __use_no_semihosting_swi                 0x08000347   Thumb Code     2  use_no_semi.o(.text)
    __read_errno                             0x08000349   Thumb Code    10  _rserrno.o(.text)
    __set_errno                              0x08000353   Thumb Code    12  _rserrno.o(.text)
    __aeabi_memclr4                          0x0800035f   Thumb Code     0  rt_memclr_w.o(.text)
    __aeabi_memclr8                          0x0800035f   Thumb Code     0  rt_memclr_w.o(.text)
    __rt_memclr_w                            0x0800035f   Thumb Code    78  rt_memclr_w.o(.text)
    _memset_w                                0x08000363   Thumb Code     0  rt_memclr_w.o(.text)
    __aeabi_errno_addr                       0x080003ad   Thumb Code     8  rt_errno_addr_intlibspace.o(.text)
    __errno$intlibspace                      0x080003ad   Thumb Code     0  rt_errno_addr_intlibspace.o(.text)
    __rt_errno_addr$intlibspace              0x080003ad   Thumb Code     0  rt_errno_addr_intlibspace.o(.text)
    __user_libspace                          0x080003b5   Thumb Code     8  libspace.o(.text)
    __user_perproc_libspace                  0x080003b5   Thumb Code     0  libspace.o(.text)
    __user_perthread_libspace                0x080003b5   Thumb Code     0  libspace.o(.text)
    __user_setup_stackheap                   0x080003bd   Thumb Code    74  sys_stackheap_outer.o(.text)
    exit                                     0x08000407   Thumb Code    18  exit.o(.text)
    ADC_Cmd                                  0x08000419   Thumb Code    22  stm32f10x_adc.o(i.ADC_Cmd)
    ADC_DeInit                               0x08000431   Thumb Code    78  stm32f10x_adc.o(i.ADC_DeInit)
    ADC_GetCalibrationStatus                 0x0800048d   Thumb Code    20  stm32f10x_adc.o(i.ADC_GetCalibrationStatus)
    ADC_GetConversionValue                   0x080004a1   Thumb Code     8  stm32f10x_adc.o(i.ADC_GetConversionValue)
    ADC_GetFlagStatus                        0x080004a9   Thumb Code    18  stm32f10x_adc.o(i.ADC_GetFlagStatus)
    ADC_GetResetCalibrationStatus            0x080004bb   Thumb Code    20  stm32f10x_adc.o(i.ADC_GetResetCalibrationStatus)
    ADC_Init                                 0x080004d1   Thumb Code    70  stm32f10x_adc.o(i.ADC_Init)
    ADC_RegularChannelConfig                 0x08000521   Thumb Code   184  stm32f10x_adc.o(i.ADC_RegularChannelConfig)
    ADC_ResetCalibration                     0x080005d9   Thumb Code    10  stm32f10x_adc.o(i.ADC_ResetCalibration)
    ADC_SoftwareStartConvCmd                 0x080005e3   Thumb Code    22  stm32f10x_adc.o(i.ADC_SoftwareStartConvCmd)
    ADC_StartCalibration                     0x080005f9   Thumb Code    10  stm32f10x_adc.o(i.ADC_StartCalibration)
    Adc_Init                                 0x08000605   Thumb Code   132  wy_adc.o(i.Adc_Init)
    BusFault_Handler                         0x08000691   Thumb Code     4  stm32f10x_it.o(i.BusFault_Handler)
    DebugMon_Handler                         0x08000695   Thumb Code     2  stm32f10x_it.o(i.DebugMon_Handler)
    EXTI9_5_IRQHandler                       0x08000697   Thumb Code    10  wy_exti.o(i.EXTI9_5_IRQHandler)
    EXTI_ClearITPendingBit                   0x080006a1   Thumb Code     6  stm32f10x_exti.o(i.EXTI_ClearITPendingBit)
    GPIO_Init                                0x080006ad   Thumb Code   278  stm32f10x_gpio.o(i.GPIO_Init)
    GPIO_ResetBits                           0x080007c3   Thumb Code     4  stm32f10x_gpio.o(i.GPIO_ResetBits)
    GPIO_SetBits                             0x080007c7   Thumb Code     4  stm32f10x_gpio.o(i.GPIO_SetBits)
    General_Cap_Init                         0x080007cd   Thumb Code   212  wy_capture.o(i.General_Cap_Init)
    GetCaptureTime                           0x080008a9   Thumb Code    70  wy_capture.o(i.GetCaptureTime)
    Get_Adc                                  0x08000901   Thumb Code    46  wy_adc.o(i.Get_Adc)
    Get_MotorA_Speed                         0x08000935   Thumb Code    96  wy_encode.o(i.Get_MotorA_Speed)
    Get_MotorB_Speed                         0x080009ad   Thumb Code    96  wy_encode.o(i.Get_MotorB_Speed)
    Gpio_Init                                0x08000a25   Thumb Code    46  wy_gpio.o(i.Gpio_Init)
    HardFault_Handler                        0x08000a59   Thumb Code     4  stm32f10x_it.o(i.HardFault_Handler)
    LED_Init                                 0x08000a5d   Thumb Code    88  wy_led.o(i.LED_Init)
    MPU_IIC_Ack                              0x08000ab9   Thumb Code    62  wy_mpuiic.o(i.MPU_IIC_Ack)
    MPU_IIC_Delay                            0x08000b05   Thumb Code    10  wy_mpuiic.o(i.MPU_IIC_Delay)
    MPU_IIC_NAck                             0x08000b11   Thumb Code    62  wy_mpuiic.o(i.MPU_IIC_NAck)
    MPU_IIC_Read_Byte                        0x08000b5d   Thumb Code    94  wy_mpuiic.o(i.MPU_IIC_Read_Byte)
    MPU_IIC_Send_Byte                        0x08000bc9   Thumb Code    80  wy_mpuiic.o(i.MPU_IIC_Send_Byte)
    MPU_IIC_Start                            0x08000c25   Thumb Code    60  wy_mpuiic.o(i.MPU_IIC_Start)
    MPU_IIC_Stop                             0x08000c6d   Thumb Code    58  wy_mpuiic.o(i.MPU_IIC_Stop)
    MPU_IIC_Wait_Ack                         0x08000cb5   Thumb Code    86  wy_mpuiic.o(i.MPU_IIC_Wait_Ack)
    MPU_Read_Len                             0x08000d19   Thumb Code   116  wy_mpu6050.o(i.MPU_Read_Len)
    MPU_Write_Len                            0x08000d8d   Thumb Code    96  wy_mpu6050.o(i.MPU_Write_Len)
    MemManage_Handler                        0x08000ded   Thumb Code     4  stm32f10x_it.o(i.MemManage_Handler)
    NMI_Handler                              0x08000df1   Thumb Code     2  stm32f10x_it.o(i.NMI_Handler)
    NVIC_Init                                0x08000df5   Thumb Code   100  misc.o(i.NVIC_Init)
    NVIC_PriorityGroupConfig                 0x08000e65   Thumb Code    10  misc.o(i.NVIC_PriorityGroupConfig)
    PendSV_Handler                           0x08000e79   Thumb Code     2  stm32f10x_it.o(i.PendSV_Handler)
    RCC_ADCCLKConfig                         0x08000e7d   Thumb Code    18  stm32f10x_rcc.o(i.RCC_ADCCLKConfig)
    RCC_APB1PeriphClockCmd                   0x08000e95   Thumb Code    26  stm32f10x_rcc.o(i.RCC_APB1PeriphClockCmd)
    RCC_APB2PeriphClockCmd                   0x08000eb5   Thumb Code    26  stm32f10x_rcc.o(i.RCC_APB2PeriphClockCmd)
    RCC_APB2PeriphResetCmd                   0x08000ed5   Thumb Code    26  stm32f10x_rcc.o(i.RCC_APB2PeriphResetCmd)
    RCC_GetClocksFreq                        0x08000ef5   Thumb Code   192  stm32f10x_rcc.o(i.RCC_GetClocksFreq)
    Read_EncoderA                            0x08000fc9   Thumb Code    52  wy_encode.o(i.Read_EncoderA)
    Read_EncoderB                            0x08001001   Thumb Code    44  wy_encode.o(i.Read_EncoderB)
    SVC_Handler                              0x08001035   Thumb Code     2  stm32f10x_it.o(i.SVC_Handler)
    SysTick_CLKSourceConfig                  0x08001121   Thumb Code    40  misc.o(i.SysTick_CLKSourceConfig)
    SysTick_Handler                          0x08001149   Thumb Code     2  stm32f10x_it.o(i.SysTick_Handler)
    SystemInit                               0x0800114d   Thumb Code    78  system_stm32f10x.o(i.SystemInit)
    TIM3_IRQHandler                          0x080013ed   Thumb Code   182  wy_capture.o(i.TIM3_IRQHandler)
    TIM4_PWM_Init                            0x080014b1   Thumb Code   198  wy_pwm.o(i.TIM4_PWM_Init)
    TIM4_PWM_SetDuty                         0x08001585   Thumb Code   170  wy_pwm.o(i.TIM4_PWM_SetDuty)
    TIM6_IRQHandler                          0x0800163d   Thumb Code    46  wy_timer.o(i.TIM6_IRQHandler)
    TIM7_IRQHandler                          0x0800167d   Thumb Code    28  wy_timer.o(i.TIM7_IRQHandler)
    TIM_ARRPreloadConfig                     0x080016a1   Thumb Code    24  stm32f10x_tim.o(i.TIM_ARRPreloadConfig)
    TIM_ClearFlag                            0x080016b9   Thumb Code     6  stm32f10x_tim.o(i.TIM_ClearFlag)
    TIM_ClearITPendingBit                    0x080016bf   Thumb Code     6  stm32f10x_tim.o(i.TIM_ClearITPendingBit)
    TIM_Cmd                                  0x080016c5   Thumb Code    24  stm32f10x_tim.o(i.TIM_Cmd)
    TIM_GetCapture4                          0x080016dd   Thumb Code     8  stm32f10x_tim.o(i.TIM_GetCapture4)
    TIM_GetITStatus                          0x080016e5   Thumb Code    34  stm32f10x_tim.o(i.TIM_GetITStatus)
    TIM_ICInit                               0x08001709   Thumb Code   150  stm32f10x_tim.o(i.TIM_ICInit)
    TIM_ITConfig                             0x080017b5   Thumb Code    18  stm32f10x_tim.o(i.TIM_ITConfig)
    TIM_Init                                 0x080017c9   Thumb Code   314  wy_timer.o(i.TIM_Init)
    TIM_OC1Init                              0x0800190d   Thumb Code   132  stm32f10x_tim.o(i.TIM_OC1Init)
    TIM_OC1PreloadConfig                     0x080019a5   Thumb Code    18  stm32f10x_tim.o(i.TIM_OC1PreloadConfig)
    TIM_OC2Init                              0x080019b9   Thumb Code   154  stm32f10x_tim.o(i.TIM_OC2Init)
    TIM_OC2PreloadConfig                     0x08001a5d   Thumb Code    26  stm32f10x_tim.o(i.TIM_OC2PreloadConfig)
    TIM_OC4PolarityConfig                    0x08001a77   Thumb Code    26  stm32f10x_tim.o(i.TIM_OC4PolarityConfig)
    TIM_SetCompare1                          0x08001a91   Thumb Code     4  stm32f10x_tim.o(i.TIM_SetCompare1)
    TIM_SetCompare2                          0x08001a95   Thumb Code     4  stm32f10x_tim.o(i.TIM_SetCompare2)
    TIM_SetCounter                           0x08001a99   Thumb Code     4  stm32f10x_tim.o(i.TIM_SetCounter)
    TIM_SetIC1Prescaler                      0x08001a9d   Thumb Code    18  stm32f10x_tim.o(i.TIM_SetIC1Prescaler)
    TIM_SetIC2Prescaler                      0x08001aaf   Thumb Code    26  stm32f10x_tim.o(i.TIM_SetIC2Prescaler)
    TIM_SetIC3Prescaler                      0x08001ac9   Thumb Code    18  stm32f10x_tim.o(i.TIM_SetIC3Prescaler)
    TIM_SetIC4Prescaler                      0x08001adb   Thumb Code    26  stm32f10x_tim.o(i.TIM_SetIC4Prescaler)
    TIM_TimeBaseInit                         0x08001af5   Thumb Code   122  stm32f10x_tim.o(i.TIM_TimeBaseInit)
    USART1_IRQHandler                        0x08001b99   Thumb Code   226  usart.o(i.USART1_IRQHandler)
    USART2_IRQHandler                        0x08001c95   Thumb Code   232  wy_openmv.o(i.USART2_IRQHandler)
    USART3_IRQHandler                        0x08001d95   Thumb Code   232  wy_host.o(i.USART3_IRQHandler)
    USART_Cmd                                0x08001e95   Thumb Code    24  stm32f10x_usart.o(i.USART_Cmd)
    USART_GetFlagStatus                      0x08001ead   Thumb Code    26  stm32f10x_usart.o(i.USART_GetFlagStatus)
    USART_GetITStatus                        0x08001ec7   Thumb Code    84  stm32f10x_usart.o(i.USART_GetITStatus)
    USART_ITConfig                           0x08001f1b   Thumb Code    74  stm32f10x_usart.o(i.USART_ITConfig)
    USART_Init                               0x08001f65   Thumb Code   210  stm32f10x_usart.o(i.USART_Init)
    USART_ReceiveData                        0x0800203d   Thumb Code    10  stm32f10x_usart.o(i.USART_ReceiveData)
    USART_SendData                           0x08002047   Thumb Code    28  stm32f10x_usart.o(i.USART_SendData)
    USART_SendToKeYou                        0x08002065   Thumb Code   162  wy_uart.o(i.USART_SendToKeYou)
    UsageFault_Handler                       0x08002111   Thumb Code     4  stm32f10x_it.o(i.UsageFault_Handler)
    __ARM_fpclassify                         0x08002115   Thumb Code    40  fpclassify.o(i.__ARM_fpclassify)
    __kernel_poly                            0x0800213d   Thumb Code   170  poly.o(i.__kernel_poly)
    __mathlib_dbl_infnan                     0x080021e7   Thumb Code     6  dunder.o(i.__mathlib_dbl_infnan)
    __mathlib_dbl_infnan2                    0x080021ed   Thumb Code     4  dunder.o(i.__mathlib_dbl_infnan2)
    __mathlib_dbl_invalid                    0x080021f1   Thumb Code    12  dunder.o(i.__mathlib_dbl_invalid)
    __mathlib_dbl_underflow                  0x080021fd   Thumb Code    10  dunder.o(i.__mathlib_dbl_underflow)
    _sys_exit                                0x0800220d   Thumb Code     4  usart.o(i._sys_exit)
    asin                                     0x08002211   Thumb Code   572  asin.o(i.asin)
    atan                                     0x08002481   Thumb Code   474  atan.o(i.atan)
    atan2                                    0x080026a1   Thumb Code   346  atan2.o(i.atan2)
    delay_init                               0x08002885   Thumb Code    50  delay.o(i.delay_init)
    delay_ms                                 0x080028c9   Thumb Code    72  delay.o(i.delay_ms)
    delay_us                                 0x08002915   Thumb Code    72  delay.o(i.delay_us)
    dmp_read_fifo                            0x08002961   Thumb Code   456  inv_mpu_dmp_motion_driver.o(i.dmp_read_fifo)
    main                                     0x08002b2d   Thumb Code   170  main.o(i.main)
    mget_ms                                  0x08002bf1   Thumb Code     2  inv_mpu.o(i.mget_ms)
    mpu_dmp_get_data                         0x08002bf5   Thumb Code   544  inv_mpu.o(i.mpu_dmp_get_data)
    mpu_read_fifo_stream                     0x08002e19   Thumb Code   186  inv_mpu.o(i.mpu_read_fifo_stream)
    mpu_reset_fifo                           0x08002ed9   Thumb Code   450  inv_mpu.o(i.mpu_reset_fifo)
    sqrt                                     0x080030a1   Thumb Code    76  sqrt.o(i.sqrt)
    uart_init                                0x080030ed   Thumb Code   154  usart.o(i.uart_init)
    __aeabi_d2f                              0x08003191   Thumb Code     0  d2f.o(x$fpl$d2f)
    _d2f                                     0x08003191   Thumb Code    98  d2f.o(x$fpl$d2f)
    __aeabi_dadd                             0x080031f5   Thumb Code     0  daddsub_clz.o(x$fpl$dadd)
    _dadd                                    0x080031f5   Thumb Code   332  daddsub_clz.o(x$fpl$dadd)
    __fpl_dcheck_NaN1                        0x08003345   Thumb Code    10  dcheck1.o(x$fpl$dcheck1)
    __aeabi_ddiv                             0x08003355   Thumb Code     0  ddiv.o(x$fpl$ddiv)
    _ddiv                                    0x08003355   Thumb Code   552  ddiv.o(x$fpl$ddiv)
    __aeabi_dmul                             0x08003605   Thumb Code     0  dmul.o(x$fpl$dmul)
    _dmul                                    0x08003605   Thumb Code   332  dmul.o(x$fpl$dmul)
    __fpl_dnaninf                            0x08003759   Thumb Code   156  dnaninf.o(x$fpl$dnaninf)
    __fpl_dretinf                            0x080037f5   Thumb Code    12  dretinf.o(x$fpl$dretinf)
    __aeabi_drsub                            0x08003801   Thumb Code     0  daddsub_clz.o(x$fpl$drsb)
    _drsb                                    0x08003801   Thumb Code    22  daddsub_clz.o(x$fpl$drsb)
    _dsqrt                                   0x08003819   Thumb Code   456  dsqrt_noumaal.o(x$fpl$dsqrt)
    __aeabi_dsub                             0x080039e5   Thumb Code     0  daddsub_clz.o(x$fpl$dsub)
    _dsub                                    0x080039e5   Thumb Code   464  daddsub_clz.o(x$fpl$dsub)
    __aeabi_f2d                              0x08003bb9   Thumb Code     0  f2d.o(x$fpl$f2d)
    _f2d                                     0x08003bb9   Thumb Code    86  f2d.o(x$fpl$f2d)
    __aeabi_fadd                             0x08003c11   Thumb Code     0  faddsub_clz.o(x$fpl$fadd)
    _fadd                                    0x08003c11   Thumb Code   196  faddsub_clz.o(x$fpl$fadd)
    __fpl_fcmp_Inf                           0x08003cd5   Thumb Code    24  fcmpi.o(x$fpl$fcmpinf)
    __aeabi_fdiv                             0x08003ced   Thumb Code     0  fdiv.o(x$fpl$fdiv)
    _fdiv                                    0x08003ced   Thumb Code   384  fdiv.o(x$fpl$fdiv)
    __aeabi_cfcmpeq                          0x08003e71   Thumb Code     0  feqf.o(x$fpl$feqf)
    _fcmpeq                                  0x08003e71   Thumb Code   104  feqf.o(x$fpl$feqf)
    __aeabi_f2uiz                            0x08003ed9   Thumb Code     0  ffixu.o(x$fpl$ffixu)
    _ffixu                                   0x08003ed9   Thumb Code    62  ffixu.o(x$fpl$ffixu)
    __aeabi_i2f                              0x08003f19   Thumb Code     0  fflt_clz.o(x$fpl$fflt)
    _fflt                                    0x08003f19   Thumb Code    48  fflt_clz.o(x$fpl$fflt)
    __aeabi_ui2f                             0x08003f49   Thumb Code     0  fflt_clz.o(x$fpl$ffltu)
    _ffltu                                   0x08003f49   Thumb Code    38  fflt_clz.o(x$fpl$ffltu)
    __aeabi_cfcmple                          0x08003f71   Thumb Code     0  fleqf.o(x$fpl$fleqf)
    _fcmple                                  0x08003f71   Thumb Code   104  fleqf.o(x$fpl$fleqf)
    __fpl_fcmple_InfNaN                      0x08003fc3   Thumb Code     0  fleqf.o(x$fpl$fleqf)
    __aeabi_fmul                             0x08003fd9   Thumb Code     0  fmul.o(x$fpl$fmul)
    _fmul                                    0x08003fd9   Thumb Code   258  fmul.o(x$fpl$fmul)
    __fpl_fnaninf                            0x080040db   Thumb Code   140  fnaninf.o(x$fpl$fnaninf)
    __fpl_fretinf                            0x08004167   Thumb Code    10  fretinf.o(x$fpl$fretinf)
    __aeabi_cfrcmple                         0x08004171   Thumb Code     0  frleqf.o(x$fpl$frleqf)
    _frcmple                                 0x08004171   Thumb Code    98  frleqf.o(x$fpl$frleqf)
    __aeabi_frsub                            0x080041d3   Thumb Code     0  faddsub_clz.o(x$fpl$frsb)
    _frsb                                    0x080041d3   Thumb Code    20  faddsub_clz.o(x$fpl$frsb)
    __aeabi_fsub                             0x080041e9   Thumb Code     0  faddsub_clz.o(x$fpl$fsub)
    _fsub                                    0x080041e9   Thumb Code   234  faddsub_clz.o(x$fpl$fsub)
    __fpl_return_NaN                         0x080042d3   Thumb Code   100  retnan.o(x$fpl$retnan)
    __ARM_scalbn                             0x08004337   Thumb Code    92  scalbn.o(x$fpl$scalbn)
    __fpl_cmpreturn                          0x08004393   Thumb Code    48  trapv.o(x$fpl$trapveneer)
    __I$use$fp                               0x080043c2   Number         0  usenofp.o(x$fpl$usenofp)
    reg                                      0x080043c4   Data          27  inv_mpu.o(.constdata)
    hw                                       0x080043e0   Data          12  inv_mpu.o(.constdata)
    test                                     0x080043ec   Data          40  inv_mpu.o(.constdata)
    __mathlib_zero                           0x08004500   Data           8  qnan.o(.constdata)
    Region$$Table$$Base                      0x08004508   Number         0  anon$$obj.o(Region$$Table)
    Region$$Table$$Limit                     0x08004528   Number         0  anon$$obj.o(Region$$Table)
    tempF                                    0x20000000   Data           4  main.o(.data)
    tempI                                    0x20000004   Data           4  main.o(.data)
    GapTime                                  0x20000008   Data           4  main.o(.data)
    WhileFlag                                0x2000000c   Data           1  main.o(.data)
    SystemCoreClock                          0x20000010   Data           4  system_stm32f10x.o(.data)
    AHBPrescTable                            0x20000014   Data          16  system_stm32f10x.o(.data)
    Variable                                 0x20000024   Data           4  wy_uart.o(.data)
    USART2_RX_STA                            0x20000028   Data           2  wy_uart.o(.data)
    USART3_RX_STA                            0x2000002a   Data           2  wy_uart.o(.data)
    T1_rstnum                                0x2000002c   Data           2  wy_pwm.o(.data)
    T4_rstnum                                0x2000002e   Data           2  wy_pwm.o(.data)
    DecodeGapTime                            0x20000030   Data           2  wy_encode.o(.data)
    PulseNum                                 0x20000032   Data           2  wy_encode.o(.data)
    ReRate                                   0x20000034   Data           2  wy_encode.o(.data)
    EncoderA                                 0x20000038   Data           4  wy_encode.o(.data)
    EncoderB                                 0x2000003c   Data           4  wy_encode.o(.data)
    MotorASpeed                              0x20000040   Data           4  wy_encode.o(.data)
    MotorBSpeed                              0x20000044   Data           4  wy_encode.o(.data)
    TIM3_CAPTURE_STA                         0x20000048   Data           4  wy_capture.o(.data)
    TIM3_CAPTURE_VAL                         0x2000004c   Data           2  wy_capture.o(.data)
    adc1                                     0x20000054   Data           2  wy_adc.o(.data)
    adc2                                     0x20000056   Data           2  wy_adc.o(.data)
    adc3                                     0x20000058   Data           2  wy_adc.o(.data)
    pitch                                    0x2000005c   Data           4  wy_mpu6050.o(.data)
    roll                                     0x20000060   Data           4  wy_mpu6050.o(.data)
    yaw                                      0x20000064   Data           4  wy_mpu6050.o(.data)
    aacx                                     0x20000068   Data           2  wy_mpu6050.o(.data)
    aacy                                     0x2000006a   Data           2  wy_mpu6050.o(.data)
    aacz                                     0x2000006c   Data           2  wy_mpu6050.o(.data)
    gyrox                                    0x2000006e   Data           2  wy_mpu6050.o(.data)
    gyroy                                    0x20000070   Data           2  wy_mpu6050.o(.data)
    gyroz                                    0x20000072   Data           2  wy_mpu6050.o(.data)
    Temp                                     0x20000074   Data           2  wy_mpu6050.o(.data)
    __stdout                                 0x200000b8   Data           4  usart.o(.data)
    USART_RX_STA                             0x200000bc   Data           2  usart.o(.data)
    DataToHost                               0x200000d4   Data          20  wy_uart.o(.bss)
    DataFromHost                             0x200000e8   Data          20  wy_uart.o(.bss)
    DataFromCV                               0x200000fc   Data          40  wy_uart.o(.bss)
    DataBlueRec                              0x20000124   Data          12  wy_uart.o(.bss)
    USART_SEND_BUF                           0x20000130   Data         500  wy_uart.o(.bss)
    UsartRecData                             0x20000324   Data         200  wy_uart.o(.bss)
    Var_Str_Rec                              0x200003ec   Data          18  wy_uart.o(.bss)
    Usart2RecData                            0x200003fe   Data         200  wy_uart.o(.bss)
    USART2_RX_BUF                            0x200004c6   Data         200  wy_uart.o(.bss)
    USART3_RX_BUF                            0x2000058e   Data         200  wy_uart.o(.bss)
    USART_RX_BUF                             0x20000668   Data         200  usart.o(.bss)
    __libspace_start                         0x20000730   Data          96  libspace.o(.bss)
    __temporary_stack_top$libspace           0x20000790   Data           0  libspace.o(.bss)



==============================================================================

Memory Map of the image

  Image Entry point : 0x080001cd

  Load Region LR_1 (Base: 0x08000000, Size: 0x000045fc, Max: 0xffffffff, ABSOLUTE)

    Execution Region ER_RO (Exec base: 0x08000000, Load base: 0x08000000, Size: 0x00004528, Max: 0xffffffff, ABSOLUTE)

    Exec Addr    Load Addr    Size         Type   Attr      Idx    E Section Name        Object

    0x08000000   0x08000000   0x00000130   Data   RO         5279    RESET               startup_stm32f10x_hd.o
    0x08000130   0x08000130   0x00000008   Code   RO         5365  * !!!main             c_w.l(__main.o)
    0x08000138   0x08000138   0x00000034   Code   RO         5802    !!!scatter          c_w.l(__scatter.o)
    0x0800016c   0x0800016c   0x0000001a   Code   RO         5804    !!handler_copy      c_w.l(__scatter_copy.o)
    0x08000186   0x08000186   0x00000002   PAD
    0x08000188   0x08000188   0x0000001c   Code   RO         5806    !!handler_zi        c_w.l(__scatter_zi.o)
    0x080001a4   0x080001a4   0x00000002   Code   RO         5622    .ARM.Collect$$libinit$$00000000  c_w.l(libinit.o)
    0x080001a6   0x080001a6   0x00000000   Code   RO         5624    .ARM.Collect$$libinit$$00000002  c_w.l(libinit2.o)
    0x080001a6   0x080001a6   0x00000000   Code   RO         5626    .ARM.Collect$$libinit$$00000004  c_w.l(libinit2.o)
    0x080001a6   0x080001a6   0x00000000   Code   RO         5629    .ARM.Collect$$libinit$$0000000A  c_w.l(libinit2.o)
    0x080001a6   0x080001a6   0x00000000   Code   RO         5631    .ARM.Collect$$libinit$$0000000C  c_w.l(libinit2.o)
    0x080001a6   0x080001a6   0x00000000   Code   RO         5633    .ARM.Collect$$libinit$$0000000E  c_w.l(libinit2.o)
    0x080001a6   0x080001a6   0x00000000   Code   RO         5636    .ARM.Collect$$libinit$$00000011  c_w.l(libinit2.o)
    0x080001a6   0x080001a6   0x00000000   Code   RO         5638    .ARM.Collect$$libinit$$00000013  c_w.l(libinit2.o)
    0x080001a6   0x080001a6   0x00000000   Code   RO         5640    .ARM.Collect$$libinit$$00000015  c_w.l(libinit2.o)
    0x080001a6   0x080001a6   0x00000000   Code   RO         5642    .ARM.Collect$$libinit$$00000017  c_w.l(libinit2.o)
    0x080001a6   0x080001a6   0x00000000   Code   RO         5644    .ARM.Collect$$libinit$$00000019  c_w.l(libinit2.o)
    0x080001a6   0x080001a6   0x00000000   Code   RO         5646    .ARM.Collect$$libinit$$0000001B  c_w.l(libinit2.o)
    0x080001a6   0x080001a6   0x00000000   Code   RO         5648    .ARM.Collect$$libinit$$0000001D  c_w.l(libinit2.o)
    0x080001a6   0x080001a6   0x00000000   Code   RO         5650    .ARM.Collect$$libinit$$0000001F  c_w.l(libinit2.o)
    0x080001a6   0x080001a6   0x00000000   Code   RO         5652    .ARM.Collect$$libinit$$00000021  c_w.l(libinit2.o)
    0x080001a6   0x080001a6   0x00000000   Code   RO         5654    .ARM.Collect$$libinit$$00000023  c_w.l(libinit2.o)
    0x080001a6   0x080001a6   0x00000000   Code   RO         5656    .ARM.Collect$$libinit$$00000025  c_w.l(libinit2.o)
    0x080001a6   0x080001a6   0x00000000   Code   RO         5660    .ARM.Collect$$libinit$$0000002C  c_w.l(libinit2.o)
    0x080001a6   0x080001a6   0x00000000   Code   RO         5662    .ARM.Collect$$libinit$$0000002E  c_w.l(libinit2.o)
    0x080001a6   0x080001a6   0x00000000   Code   RO         5664    .ARM.Collect$$libinit$$00000030  c_w.l(libinit2.o)
    0x080001a6   0x080001a6   0x00000000   Code   RO         5666    .ARM.Collect$$libinit$$00000032  c_w.l(libinit2.o)
    0x080001a6   0x080001a6   0x00000002   Code   RO         5667    .ARM.Collect$$libinit$$00000033  c_w.l(libinit2.o)
    0x080001a8   0x080001a8   0x00000002   Code   RO         5750    .ARM.Collect$$libshutdown$$00000000  c_w.l(libshutdown.o)
    0x080001aa   0x080001aa   0x00000000   Code   RO         5771    .ARM.Collect$$libshutdown$$00000002  c_w.l(libshutdown2.o)
    0x080001aa   0x080001aa   0x00000000   Code   RO         5773    .ARM.Collect$$libshutdown$$00000004  c_w.l(libshutdown2.o)
    0x080001aa   0x080001aa   0x00000000   Code   RO         5776    .ARM.Collect$$libshutdown$$00000007  c_w.l(libshutdown2.o)
    0x080001aa   0x080001aa   0x00000000   Code   RO         5779    .ARM.Collect$$libshutdown$$0000000A  c_w.l(libshutdown2.o)
    0x080001aa   0x080001aa   0x00000000   Code   RO         5781    .ARM.Collect$$libshutdown$$0000000C  c_w.l(libshutdown2.o)
    0x080001aa   0x080001aa   0x00000000   Code   RO         5784    .ARM.Collect$$libshutdown$$0000000F  c_w.l(libshutdown2.o)
    0x080001aa   0x080001aa   0x00000002   Code   RO         5785    .ARM.Collect$$libshutdown$$00000010  c_w.l(libshutdown2.o)
    0x080001ac   0x080001ac   0x00000000   Code   RO         5451    .ARM.Collect$$rtentry$$00000000  c_w.l(__rtentry.o)
    0x080001ac   0x080001ac   0x00000000   Code   RO         5522    .ARM.Collect$$rtentry$$00000002  c_w.l(__rtentry2.o)
    0x080001ac   0x080001ac   0x00000006   Code   RO         5534    .ARM.Collect$$rtentry$$00000004  c_w.l(__rtentry4.o)
    0x080001b2   0x080001b2   0x00000000   Code   RO         5524    .ARM.Collect$$rtentry$$00000009  c_w.l(__rtentry2.o)
    0x080001b2   0x080001b2   0x00000004   Code   RO         5525    .ARM.Collect$$rtentry$$0000000A  c_w.l(__rtentry2.o)
    0x080001b6   0x080001b6   0x00000000   Code   RO         5527    .ARM.Collect$$rtentry$$0000000C  c_w.l(__rtentry2.o)
    0x080001b6   0x080001b6   0x00000008   Code   RO         5528    .ARM.Collect$$rtentry$$0000000D  c_w.l(__rtentry2.o)
    0x080001be   0x080001be   0x00000002   Code   RO         5672    .ARM.Collect$$rtexit$$00000000  c_w.l(rtexit.o)
    0x080001c0   0x080001c0   0x00000000   Code   RO         5704    .ARM.Collect$$rtexit$$00000002  c_w.l(rtexit2.o)
    0x080001c0   0x080001c0   0x00000004   Code   RO         5705    .ARM.Collect$$rtexit$$00000003  c_w.l(rtexit2.o)
    0x080001c4   0x080001c4   0x00000006   Code   RO         5706    .ARM.Collect$$rtexit$$00000004  c_w.l(rtexit2.o)
    0x080001ca   0x080001ca   0x00000002   PAD
    0x080001cc   0x080001cc   0x00000040   Code   RO         5280  * .text               startup_stm32f10x_hd.o
    0x0800020c   0x0800020c   0x00000002   Code   RO         5286    .text               c_w.l(use_no_semi_2.o)
    0x0800020e   0x0800020e   0x0000008a   Code   RO         5353    .text               c_w.l(rt_memcpy_v6.o)
    0x08000298   0x08000298   0x00000064   Code   RO         5355    .text               c_w.l(rt_memcpy_w.o)
    0x080002fc   0x080002fc   0x00000044   Code   RO         5359    .text               c_w.l(rt_memclr.o)
    0x08000340   0x08000340   0x00000006   Code   RO         5363    .text               c_w.l(heapauxi.o)
    0x08000346   0x08000346   0x00000002   Code   RO         5449    .text               c_w.l(use_no_semi.o)
    0x08000348   0x08000348   0x00000016   Code   RO         5454    .text               c_w.l(_rserrno.o)
    0x0800035e   0x0800035e   0x0000004e   Code   RO         5469    .text               c_w.l(rt_memclr_w.o)
    0x080003ac   0x080003ac   0x00000008   Code   RO         5548    .text               c_w.l(rt_errno_addr_intlibspace.o)
    0x080003b4   0x080003b4   0x00000008   Code   RO         5602    .text               c_w.l(libspace.o)
    0x080003bc   0x080003bc   0x0000004a   Code   RO         5605    .text               c_w.l(sys_stackheap_outer.o)
    0x08000406   0x08000406   0x00000012   Code   RO         5613    .text               c_w.l(exit.o)
    0x08000418   0x08000418   0x00000016   Code   RO         2342    i.ADC_Cmd           stm32f10x_adc.o
    0x0800042e   0x0800042e   0x00000002   PAD
    0x08000430   0x08000430   0x0000005c   Code   RO         2344    i.ADC_DeInit        stm32f10x_adc.o
    0x0800048c   0x0800048c   0x00000014   Code   RO         2350    i.ADC_GetCalibrationStatus  stm32f10x_adc.o
    0x080004a0   0x080004a0   0x00000008   Code   RO         2351    i.ADC_GetConversionValue  stm32f10x_adc.o
    0x080004a8   0x080004a8   0x00000012   Code   RO         2353    i.ADC_GetFlagStatus  stm32f10x_adc.o
    0x080004ba   0x080004ba   0x00000014   Code   RO         2356    i.ADC_GetResetCalibrationStatus  stm32f10x_adc.o
    0x080004ce   0x080004ce   0x00000002   PAD
    0x080004d0   0x080004d0   0x00000050   Code   RO         2360    i.ADC_Init          stm32f10x_adc.o
    0x08000520   0x08000520   0x000000b8   Code   RO         2364    i.ADC_RegularChannelConfig  stm32f10x_adc.o
    0x080005d8   0x080005d8   0x0000000a   Code   RO         2365    i.ADC_ResetCalibration  stm32f10x_adc.o
    0x080005e2   0x080005e2   0x00000016   Code   RO         2367    i.ADC_SoftwareStartConvCmd  stm32f10x_adc.o
    0x080005f8   0x080005f8   0x0000000a   Code   RO         2369    i.ADC_StartCalibration  stm32f10x_adc.o
    0x08000602   0x08000602   0x00000002   PAD
    0x08000604   0x08000604   0x0000008c   Code   RO         1175    i.Adc_Init          wy_adc.o
    0x08000690   0x08000690   0x00000004   Code   RO          296    i.BusFault_Handler  stm32f10x_it.o
    0x08000694   0x08000694   0x00000002   Code   RO          297    i.DebugMon_Handler  stm32f10x_it.o
    0x08000696   0x08000696   0x0000000a   Code   RO          660    i.EXTI9_5_IRQHandler  wy_exti.o
    0x080006a0   0x080006a0   0x0000000c   Code   RO         3098    i.EXTI_ClearITPendingBit  stm32f10x_exti.o
    0x080006ac   0x080006ac   0x00000116   Code   RO         3451    i.GPIO_Init         stm32f10x_gpio.o
    0x080007c2   0x080007c2   0x00000004   Code   RO         3458    i.GPIO_ResetBits    stm32f10x_gpio.o
    0x080007c6   0x080007c6   0x00000004   Code   RO         3459    i.GPIO_SetBits      stm32f10x_gpio.o
    0x080007ca   0x080007ca   0x00000002   PAD
    0x080007cc   0x080007cc   0x000000dc   Code   RO          880    i.General_Cap_Init  wy_capture.o
    0x080008a8   0x080008a8   0x00000058   Code   RO          881    i.GetCaptureTime    wy_capture.o
    0x08000900   0x08000900   0x00000034   Code   RO         1176    i.Get_Adc           wy_adc.o
    0x08000934   0x08000934   0x00000078   Code   RO          833    i.Get_MotorA_Speed  wy_encode.o
    0x080009ac   0x080009ac   0x00000078   Code   RO          834    i.Get_MotorB_Speed  wy_encode.o
    0x08000a24   0x08000a24   0x00000034   Code   RO          529    i.Gpio_Init         wy_gpio.o
    0x08000a58   0x08000a58   0x00000004   Code   RO          298    i.HardFault_Handler  stm32f10x_it.o
    0x08000a5c   0x08000a5c   0x0000005c   Code   RO          574    i.LED_Init          wy_led.o
    0x08000ab8   0x08000ab8   0x0000004c   Code   RO         1289    i.MPU_IIC_Ack       wy_mpuiic.o
    0x08000b04   0x08000b04   0x0000000a   Code   RO         1290    i.MPU_IIC_Delay     wy_mpuiic.o
    0x08000b0e   0x08000b0e   0x00000002   PAD
    0x08000b10   0x08000b10   0x0000004c   Code   RO         1292    i.MPU_IIC_NAck      wy_mpuiic.o
    0x08000b5c   0x08000b5c   0x0000006c   Code   RO         1293    i.MPU_IIC_Read_Byte  wy_mpuiic.o
    0x08000bc8   0x08000bc8   0x0000005c   Code   RO         1294    i.MPU_IIC_Send_Byte  wy_mpuiic.o
    0x08000c24   0x08000c24   0x00000048   Code   RO         1295    i.MPU_IIC_Start     wy_mpuiic.o
    0x08000c6c   0x08000c6c   0x00000048   Code   RO         1296    i.MPU_IIC_Stop      wy_mpuiic.o
    0x08000cb4   0x08000cb4   0x00000064   Code   RO         1297    i.MPU_IIC_Wait_Ack  wy_mpuiic.o
    0x08000d18   0x08000d18   0x00000074   Code   RO         1210    i.MPU_Read_Len      wy_mpu6050.o
    0x08000d8c   0x08000d8c   0x00000060   Code   RO         1216    i.MPU_Write_Len     wy_mpu6050.o
    0x08000dec   0x08000dec   0x00000004   Code   RO          299    i.MemManage_Handler  stm32f10x_it.o
    0x08000df0   0x08000df0   0x00000002   Code   RO          300    i.NMI_Handler       stm32f10x_it.o
    0x08000df2   0x08000df2   0x00000002   PAD
    0x08000df4   0x08000df4   0x00000070   Code   RO         2300    i.NVIC_Init         misc.o
    0x08000e64   0x08000e64   0x00000014   Code   RO         2301    i.NVIC_PriorityGroupConfig  misc.o
    0x08000e78   0x08000e78   0x00000002   Code   RO          301    i.PendSV_Handler    stm32f10x_it.o
    0x08000e7a   0x08000e7a   0x00000002   PAD
    0x08000e7c   0x08000e7c   0x00000018   Code   RO         3865    i.RCC_ADCCLKConfig  stm32f10x_rcc.o
    0x08000e94   0x08000e94   0x00000020   Code   RO         3867    i.RCC_APB1PeriphClockCmd  stm32f10x_rcc.o
    0x08000eb4   0x08000eb4   0x00000020   Code   RO         3869    i.RCC_APB2PeriphClockCmd  stm32f10x_rcc.o
    0x08000ed4   0x08000ed4   0x00000020   Code   RO         3870    i.RCC_APB2PeriphResetCmd  stm32f10x_rcc.o
    0x08000ef4   0x08000ef4   0x000000d4   Code   RO         3877    i.RCC_GetClocksFreq  stm32f10x_rcc.o
    0x08000fc8   0x08000fc8   0x00000038   Code   RO          835    i.Read_EncoderA     wy_encode.o
    0x08001000   0x08001000   0x00000034   Code   RO          836    i.Read_EncoderB     wy_encode.o
    0x08001034   0x08001034   0x00000002   Code   RO          302    i.SVC_Handler       stm32f10x_it.o
    0x08001036   0x08001036   0x00000008   Code   RO          385    i.SetSysClock       system_stm32f10x.o
    0x0800103e   0x0800103e   0x00000002   PAD
    0x08001040   0x08001040   0x000000e0   Code   RO          386    i.SetSysClockTo72   system_stm32f10x.o
    0x08001120   0x08001120   0x00000028   Code   RO         2304    i.SysTick_CLKSourceConfig  misc.o
    0x08001148   0x08001148   0x00000002   Code   RO          303    i.SysTick_Handler   stm32f10x_it.o
    0x0800114a   0x0800114a   0x00000002   PAD
    0x0800114c   0x0800114c   0x00000060   Code   RO          388    i.SystemInit        system_stm32f10x.o
    0x080011ac   0x080011ac   0x00000080   Code   RO         4485    i.TI1_Config        stm32f10x_tim.o
    0x0800122c   0x0800122c   0x00000098   Code   RO         4486    i.TI2_Config        stm32f10x_tim.o
    0x080012c4   0x080012c4   0x00000090   Code   RO         4487    i.TI3_Config        stm32f10x_tim.o
    0x08001354   0x08001354   0x00000098   Code   RO         4488    i.TI4_Config        stm32f10x_tim.o
    0x080013ec   0x080013ec   0x000000c4   Code   RO          882    i.TIM3_IRQHandler   wy_capture.o
    0x080014b0   0x080014b0   0x000000d4   Code   RO          797    i.TIM4_PWM_Init     wy_pwm.o
    0x08001584   0x08001584   0x000000b8   Code   RO          798    i.TIM4_PWM_SetDuty  wy_pwm.o
    0x0800163c   0x0800163c   0x00000040   Code   RO          771    i.TIM6_IRQHandler   wy_timer.o
    0x0800167c   0x0800167c   0x00000024   Code   RO          772    i.TIM7_IRQHandler   wy_timer.o
    0x080016a0   0x080016a0   0x00000018   Code   RO         4489    i.TIM_ARRPreloadConfig  stm32f10x_tim.o
    0x080016b8   0x080016b8   0x00000006   Code   RO         4495    i.TIM_ClearFlag     stm32f10x_tim.o
    0x080016be   0x080016be   0x00000006   Code   RO         4496    i.TIM_ClearITPendingBit  stm32f10x_tim.o
    0x080016c4   0x080016c4   0x00000018   Code   RO         4501    i.TIM_Cmd           stm32f10x_tim.o
    0x080016dc   0x080016dc   0x00000008   Code   RO         4519    i.TIM_GetCapture4   stm32f10x_tim.o
    0x080016e4   0x080016e4   0x00000022   Code   RO         4522    i.TIM_GetITStatus   stm32f10x_tim.o
    0x08001706   0x08001706   0x00000002   PAD
    0x08001708   0x08001708   0x000000ac   Code   RO         4524    i.TIM_ICInit        stm32f10x_tim.o
    0x080017b4   0x080017b4   0x00000012   Code   RO         4526    i.TIM_ITConfig      stm32f10x_tim.o
    0x080017c6   0x080017c6   0x00000002   PAD
    0x080017c8   0x080017c8   0x00000144   Code   RO          773    i.TIM_Init          wy_timer.o
    0x0800190c   0x0800190c   0x00000098   Code   RO         4530    i.TIM_OC1Init       stm32f10x_tim.o
    0x080019a4   0x080019a4   0x00000012   Code   RO         4533    i.TIM_OC1PreloadConfig  stm32f10x_tim.o
    0x080019b6   0x080019b6   0x00000002   PAD
    0x080019b8   0x080019b8   0x000000a4   Code   RO         4535    i.TIM_OC2Init       stm32f10x_tim.o
    0x08001a5c   0x08001a5c   0x0000001a   Code   RO         4538    i.TIM_OC2PreloadConfig  stm32f10x_tim.o
    0x08001a76   0x08001a76   0x0000001a   Code   RO         4546    i.TIM_OC4PolarityConfig  stm32f10x_tim.o
    0x08001a90   0x08001a90   0x00000004   Code   RO         4562    i.TIM_SetCompare1   stm32f10x_tim.o
    0x08001a94   0x08001a94   0x00000004   Code   RO         4563    i.TIM_SetCompare2   stm32f10x_tim.o
    0x08001a98   0x08001a98   0x00000004   Code   RO         4566    i.TIM_SetCounter    stm32f10x_tim.o
    0x08001a9c   0x08001a9c   0x00000012   Code   RO         4567    i.TIM_SetIC1Prescaler  stm32f10x_tim.o
    0x08001aae   0x08001aae   0x0000001a   Code   RO         4568    i.TIM_SetIC2Prescaler  stm32f10x_tim.o
    0x08001ac8   0x08001ac8   0x00000012   Code   RO         4569    i.TIM_SetIC3Prescaler  stm32f10x_tim.o
    0x08001ada   0x08001ada   0x0000001a   Code   RO         4570    i.TIM_SetIC4Prescaler  stm32f10x_tim.o
    0x08001af4   0x08001af4   0x000000a4   Code   RO         4572    i.TIM_TimeBaseInit  stm32f10x_tim.o
    0x08001b98   0x08001b98   0x000000fc   Code   RO         2259    i.USART1_IRQHandler  usart.o
    0x08001c94   0x08001c94   0x00000100   Code   RO         2128    i.USART2_IRQHandler  wy_openmv.o
    0x08001d94   0x08001d94   0x00000100   Code   RO         2147    i.USART3_IRQHandler  wy_host.o
    0x08001e94   0x08001e94   0x00000018   Code   RO         5037    i.USART_Cmd         stm32f10x_usart.o
    0x08001eac   0x08001eac   0x0000001a   Code   RO         5040    i.USART_GetFlagStatus  stm32f10x_usart.o
    0x08001ec6   0x08001ec6   0x00000054   Code   RO         5041    i.USART_GetITStatus  stm32f10x_usart.o
    0x08001f1a   0x08001f1a   0x0000004a   Code   RO         5043    i.USART_ITConfig    stm32f10x_usart.o
    0x08001f64   0x08001f64   0x000000d8   Code   RO         5044    i.USART_Init        stm32f10x_usart.o
    0x0800203c   0x0800203c   0x0000000a   Code   RO         5051    i.USART_ReceiveData  stm32f10x_usart.o
    0x08002046   0x08002046   0x0000001c   Code   RO         5054    i.USART_SendData    stm32f10x_usart.o
    0x08002062   0x08002062   0x00000002   PAD
    0x08002064   0x08002064   0x000000ac   Code   RO          611    i.USART_SendToKeYou  wy_uart.o
    0x08002110   0x08002110   0x00000004   Code   RO          304    i.UsageFault_Handler  stm32f10x_it.o
    0x08002114   0x08002114   0x00000028   Code   RO         5508    i.__ARM_fpclassify  m_ws.l(fpclassify.o)
    0x0800213c   0x0800213c   0x000000aa   Code   RO         5510    i.__kernel_poly     m_ws.l(poly.o)
    0x080021e6   0x080021e6   0x00000006   Code   RO         5495    i.__mathlib_dbl_infnan  m_ws.l(dunder.o)
    0x080021ec   0x080021ec   0x00000004   Code   RO         5496    i.__mathlib_dbl_infnan2  m_ws.l(dunder.o)
    0x080021f0   0x080021f0   0x0000000c   Code   RO         5497    i.__mathlib_dbl_invalid  m_ws.l(dunder.o)
    0x080021fc   0x080021fc   0x00000010   Code   RO         5500    i.__mathlib_dbl_underflow  m_ws.l(dunder.o)
    0x0800220c   0x0800220c   0x00000004   Code   RO         2260    i._sys_exit         usart.o
    0x08002210   0x08002210   0x00000270   Code   RO         5428    i.asin              m_ws.l(asin.o)
    0x08002480   0x08002480   0x00000220   Code   RO         5485    i.atan              m_ws.l(atan.o)
    0x080026a0   0x080026a0   0x00000180   Code   RO         5438    i.atan2             m_ws.l(atan2.o)
    0x08002820   0x08002820   0x00000064   Code   RO         1687    i.decode_gesture    inv_mpu_dmp_motion_driver.o
    0x08002884   0x08002884   0x00000044   Code   RO         2204    i.delay_init        delay.o
    0x080028c8   0x080028c8   0x0000004c   Code   RO         2205    i.delay_ms          delay.o
    0x08002914   0x08002914   0x0000004c   Code   RO         2206    i.delay_us          delay.o
    0x08002960   0x08002960   0x000001cc   Code   RO         1697    i.dmp_read_fifo     inv_mpu_dmp_motion_driver.o
    0x08002b2c   0x08002b2c   0x000000c4   Code   RO            1    i.main              main.o
    0x08002bf0   0x08002bf0   0x00000002   Code   RO         1355    i.mget_ms           inv_mpu.o
    0x08002bf2   0x08002bf2   0x00000002   PAD
    0x08002bf4   0x08002bf4   0x00000224   Code   RO         1357    i.mpu_dmp_get_data  inv_mpu.o
    0x08002e18   0x08002e18   0x000000c0   Code   RO         1380    i.mpu_read_fifo_stream  inv_mpu.o
    0x08002ed8   0x08002ed8   0x000001c8   Code   RO         1384    i.mpu_reset_fifo    inv_mpu.o
    0x080030a0   0x080030a0   0x0000004c   Code   RO         5514    i.sqrt              m_ws.l(sqrt.o)
    0x080030ec   0x080030ec   0x000000a4   Code   RO         2262    i.uart_init         usart.o
    0x08003190   0x08003190   0x00000062   Code   RO         5367    x$fpl$d2f           fz_ws.l(d2f.o)
    0x080031f2   0x080031f2   0x00000002   PAD
    0x080031f4   0x080031f4   0x00000150   Code   RO         5369    x$fpl$dadd          fz_ws.l(daddsub_clz.o)
    0x08003344   0x08003344   0x00000010   Code   RO         5592    x$fpl$dcheck1       fz_ws.l(dcheck1.o)
    0x08003354   0x08003354   0x000002b0   Code   RO         5376    x$fpl$ddiv          fz_ws.l(ddiv.o)
    0x08003604   0x08003604   0x00000154   Code   RO         5389    x$fpl$dmul          fz_ws.l(dmul.o)
    0x08003758   0x08003758   0x0000009c   Code   RO         5471    x$fpl$dnaninf       fz_ws.l(dnaninf.o)
    0x080037f4   0x080037f4   0x0000000c   Code   RO         5473    x$fpl$dretinf       fz_ws.l(dretinf.o)
    0x08003800   0x08003800   0x00000016   Code   RO         5370    x$fpl$drsb          fz_ws.l(daddsub_clz.o)
    0x08003816   0x08003816   0x00000002   PAD
    0x08003818   0x08003818   0x000001cc   Code   RO         5596    x$fpl$dsqrt         fz_ws.l(dsqrt_noumaal.o)
    0x080039e4   0x080039e4   0x000001d4   Code   RO         5371    x$fpl$dsub          fz_ws.l(daddsub_clz.o)
    0x08003bb8   0x08003bb8   0x00000056   Code   RO         5391    x$fpl$f2d           fz_ws.l(f2d.o)
    0x08003c0e   0x08003c0e   0x00000002   PAD
    0x08003c10   0x08003c10   0x000000c4   Code   RO         5393    x$fpl$fadd          fz_ws.l(faddsub_clz.o)
    0x08003cd4   0x08003cd4   0x00000018   Code   RO         5475    x$fpl$fcmpinf       fz_ws.l(fcmpi.o)
    0x08003cec   0x08003cec   0x00000184   Code   RO         5400    x$fpl$fdiv          fz_ws.l(fdiv.o)
    0x08003e70   0x08003e70   0x00000068   Code   RO         5403    x$fpl$feqf          fz_ws.l(feqf.o)
    0x08003ed8   0x08003ed8   0x0000003e   Code   RO         5409    x$fpl$ffixu         fz_ws.l(ffixu.o)
    0x08003f16   0x08003f16   0x00000002   PAD
    0x08003f18   0x08003f18   0x00000030   Code   RO         5414    x$fpl$fflt          fz_ws.l(fflt_clz.o)
    0x08003f48   0x08003f48   0x00000026   Code   RO         5413    x$fpl$ffltu         fz_ws.l(fflt_clz.o)
    0x08003f6e   0x08003f6e   0x00000002   PAD
    0x08003f70   0x08003f70   0x00000068   Code   RO         5419    x$fpl$fleqf         fz_ws.l(fleqf.o)
    0x08003fd8   0x08003fd8   0x00000102   Code   RO         5421    x$fpl$fmul          fz_ws.l(fmul.o)
    0x080040da   0x080040da   0x0000008c   Code   RO         5477    x$fpl$fnaninf       fz_ws.l(fnaninf.o)
    0x08004166   0x08004166   0x0000000a   Code   RO         5479    x$fpl$fretinf       fz_ws.l(fretinf.o)
    0x08004170   0x08004170   0x00000062   Code   RO         5423    x$fpl$frleqf        fz_ws.l(frleqf.o)
    0x080041d2   0x080041d2   0x00000014   Code   RO         5394    x$fpl$frsb          fz_ws.l(faddsub_clz.o)
    0x080041e6   0x080041e6   0x00000002   PAD
    0x080041e8   0x080041e8   0x000000ea   Code   RO         5395    x$fpl$fsub          fz_ws.l(faddsub_clz.o)
    0x080042d2   0x080042d2   0x00000064   Code   RO         5670    x$fpl$retnan        fz_ws.l(retnan.o)
    0x08004336   0x08004336   0x0000005c   Code   RO         5481    x$fpl$scalbn        fz_ws.l(scalbn.o)
    0x08004392   0x08004392   0x00000030   Code   RO         5695    x$fpl$trapveneer    fz_ws.l(trapv.o)
    0x080043c2   0x080043c2   0x00000000   Code   RO         5483    x$fpl$usenofp       fz_ws.l(usenofp.o)
    0x080043c2   0x080043c2   0x00000002   PAD
    0x080043c4   0x080043c4   0x00000050   Data   RO         1401    .constdata          inv_mpu.o
    0x08004414   0x08004414   0x00000004   PAD
    0x08004418   0x08004418   0x00000050   Data   RO         5429    .constdata          m_ws.l(asin.o)
    0x08004468   0x08004468   0x00000098   Data   RO         5486    .constdata          m_ws.l(atan.o)
    0x08004500   0x08004500   0x00000008   Data   RO         5512    .constdata          m_ws.l(qnan.o)
    0x08004508   0x08004508   0x00000020   Data   RO         5800    Region$$Table       anon$$obj.o


    Execution Region ER_RW (Exec base: 0x20000000, Load base: 0x08004528, Size: 0x000000d4, Max: 0xffffffff, ABSOLUTE)

    Exec Addr    Load Addr    Size         Type   Attr      Idx    E Section Name        Object

    0x20000000   0x08004528   0x0000000d   Data   RW            2    .data               main.o
    0x2000000d   0x08004535   0x00000003   PAD
    0x20000010   0x08004538   0x00000014   Data   RW          389    .data               system_stm32f10x.o
    0x20000024   0x0800454c   0x00000008   Data   RW          613    .data               wy_uart.o
    0x2000002c   0x08004554   0x00000004   Data   RW          799    .data               wy_pwm.o
    0x20000030   0x08004558   0x00000018   Data   RW          838    .data               wy_encode.o
    0x20000048   0x08004570   0x0000000c   Data   RW          883    .data               wy_capture.o
    0x20000054   0x0800457c   0x00000006   Data   RW         1178    .data               wy_adc.o
    0x2000005a   0x08004582   0x00000002   PAD
    0x2000005c   0x08004584   0x0000001a   Data   RW         1217    .data               wy_mpu6050.o
    0x20000076   0x0800459e   0x00000002   PAD
    0x20000078   0x080045a0   0x00000035   Data   RW         1403    .data               inv_mpu.o
    0x200000ad   0x080045d5   0x00000002   Data   RW         2129    .data               wy_openmv.o
    0x200000af   0x080045d7   0x00000002   Data   RW         2148    .data               wy_host.o
    0x200000b1   0x080045d9   0x00000001   PAD
    0x200000b2   0x080045da   0x00000004   Data   RW         2207    .data               delay.o
    0x200000b6   0x080045de   0x00000002   PAD
    0x200000b8   0x080045e0   0x00000008   Data   RW         2264    .data               usart.o
    0x200000c0   0x080045e8   0x00000014   Data   RW         3897    .data               stm32f10x_rcc.o


    Execution Region ER_ZI (Exec base: 0x200000d4, Load base: 0x080045fc, Size: 0x00000cbc, Max: 0xffffffff, ABSOLUTE)

    Exec Addr    Load Addr    Size         Type   Attr      Idx    E Section Name        Object

    0x200000d4        -       0x00000582   Zero   RW          612    .bss                wy_uart.o
    0x20000656   0x080045fc   0x00000002   PAD
    0x20000658        -       0x00000010   Zero   RW         1715    .bss                inv_mpu_dmp_motion_driver.o
    0x20000668        -       0x000000c8   Zero   RW         2263    .bss                usart.o
    0x20000730        -       0x00000060   Zero   RW         5603    .bss                c_w.l(libspace.o)
    0x20000790        -       0x00000200   Zero   RW         5278    HEAP                startup_stm32f10x_hd.o
    0x20000990        -       0x00000400   Zero   RW         5277    STACK               startup_stm32f10x_hd.o


==============================================================================

Image component sizes


      Code (inc. data)   RO Data    RW Data    ZI Data      Debug   Object Name

       220         26          0          4          0       1611   delay.o
      1198         16         80         53          0       7443   inv_mpu.o
       560         10          0          0         16       7376   inv_mpu_dmp_motion_driver.o
       196         26          0         13          0     261443   main.o
       172         22          0          0          0       1945   misc.o
        64         26        304          0       1536        776   startup_stm32f10x_hd.o
       486         24          0          0          0       8262   stm32f10x_adc.o
        12          6          0          0          0        497   stm32f10x_exti.o
       286          0          0          0          0       2924   stm32f10x_gpio.o
        26          0          0          0          0       3466   stm32f10x_it.o
       332         44          0         20          0       5350   stm32f10x_rcc.o
      1518        180          0          0          0      15259   stm32f10x_tim.o
       462          6          0          0          0       6009   stm32f10x_usart.o
         0          0          0          0          0         32   sys.o
       328         28          0         20          0       1945   system_stm32f10x.o
       420         36          0          8        200       3744   usart.o
       192         14          0          6          0       1334   wy_adc.o
       504         40          0         12          0       2266   wy_capture.o
       348         60          0         24          0       2650   wy_encode.o
        10          0          0          0          0        441   wy_exti.o
        52          6          0          0          0        472   wy_gpio.o
       256         24          0          2          0        680   wy_host.o
        92          4          0          0          0        515   wy_led.o
       212          0          0         26          0       2310   wy_mpu6050.o
       606         94          0          0          0       4119   wy_mpuiic.o
       256         24          0          2          0        688   wy_openmv.o
       396         28          0          4          0       1685   wy_pwm.o
       424         36          0          0          0       1931   wy_timer.o
       172         10          0          8       1410       2860   wy_uart.o

    ----------------------------------------------------------------------
      9828        790        420        212       3164     350033   Object Totals
         0          0         32          0          0          0   (incl. Generated)
        28          0          4         10          2          0   (incl. Padding)

    ----------------------------------------------------------------------

      Code (inc. data)   RO Data    RW Data    ZI Data      Debug   Library Member Name

         8          0          0          0          0         68   __main.o
         0          0          0          0          0          0   __rtentry.o
        12          0          0          0          0          0   __rtentry2.o
         6          0          0          0          0          0   __rtentry4.o
        52          8          0          0          0          0   __scatter.o
        26          0          0          0          0          0   __scatter_copy.o
        28          0          0          0          0          0   __scatter_zi.o
        22          0          0          0          0        100   _rserrno.o
        18          0          0          0          0         80   exit.o
         6          0          0          0          0        152   heapauxi.o
         2          0          0          0          0          0   libinit.o
         2          0          0          0          0          0   libinit2.o
         2          0          0          0          0          0   libshutdown.o
         2          0          0          0          0          0   libshutdown2.o
         8          4          0          0         96         68   libspace.o
         8          4          0          0          0         68   rt_errno_addr_intlibspace.o
        68          0          0          0          0         68   rt_memclr.o
        78          0          0          0          0         80   rt_memclr_w.o
       138          0          0          0          0         68   rt_memcpy_v6.o
       100          0          0          0          0         80   rt_memcpy_w.o
         2          0          0          0          0          0   rtexit.o
        10          0          0          0          0          0   rtexit2.o
        74          0          0          0          0         80   sys_stackheap_outer.o
         2          0          0          0          0         68   use_no_semi.o
         2          0          0          0          0         68   use_no_semi_2.o
        98          4          0          0          0         92   d2f.o
       826         16          0          0          0        348   daddsub_clz.o
        16          4          0          0          0         68   dcheck1.o
       688        140          0          0          0        208   ddiv.o
       340         12          0          0          0        104   dmul.o
       156          4          0          0          0         92   dnaninf.o
        12          0          0          0          0         68   dretinf.o
       460         56          0          0          0        120   dsqrt_noumaal.o
        86          4          0          0          0         84   f2d.o
       450          8          0          0          0        236   faddsub_clz.o
        24          0          0          0          0         68   fcmpi.o
       388         76          0          0          0         96   fdiv.o
       104          4          0          0          0         84   feqf.o
        62          4          0          0          0         84   ffixu.o
        86          0          0          0          0        136   fflt_clz.o
       104          4          0          0          0         84   fleqf.o
       258          4          0          0          0         84   fmul.o
       140          4          0          0          0         84   fnaninf.o
        10          0          0          0          0         68   fretinf.o
        98          0          0          0          0         68   frleqf.o
       100          0          0          0          0         68   retnan.o
        92          0          0          0          0         68   scalbn.o
        48          0          0          0          0         68   trapv.o
         0          0          0          0          0          0   usenofp.o
       624         52         80          0          0        168   asin.o
       544         70        152          0          0        124   atan.o
       384         38          0          0          0        144   atan2.o
        38          6          0          0          0        272   dunder.o
        40          0          0          0          0         68   fpclassify.o
       170          0          0          0          0         96   poly.o
         0          0          8          0          0          0   qnan.o
        76          0          0          0          0         84   sqrt.o

    ----------------------------------------------------------------------
      7216        526        240          0         96       4484   Library Totals
        18          0          0          0          0          0   (incl. Padding)

    ----------------------------------------------------------------------

      Code (inc. data)   RO Data    RW Data    ZI Data      Debug   Library Name

       676         16          0          0         96       1048   c_w.l
      4646        344          0          0          0       2480   fz_ws.l
      1876        166        240          0          0        956   m_ws.l

    ----------------------------------------------------------------------
      7216        526        240          0         96       4484   Library Totals

    ----------------------------------------------------------------------

==============================================================================


      Code (inc. data)   RO Data    RW Data    ZI Data      Debug   

     17044       1316        660        212       3260     346609   Grand Totals
     17044       1316        660        212       3260     346609   ELF Image Totals
     17044       1316        660        212          0          0   ROM Totals

==============================================================================

    Total RO  Size (Code + RO Data)                17704 (  17.29kB)
    Total RW  Size (RW Data + ZI Data)              3472 (   3.39kB)
    Total ROM Size (Code + RO Data + RW Data)      17916 (  17.50kB)

==============================================================================

