<html>
<body>
<pre>
<h1>µVision Build Log</h1>
<h2>Tool Versions:</h2>
IDE-Version: ¦ÌVision V5.30.0.0
Copyright (C) 2020 ARM Ltd and ARM Germany GmbH. All rights reserved.
License Information: HT Yang, HITT, LIC=LJWP0-B70CR-GQS0H-WQV6K-8JHCC-446J3
 
Tool Versions:
Toolchain:       MDK-ARM Professional  Version: 5.30.0.0
Toolchain Path:  D:\Software\KEIL_MDK\ARM\ARMCC\Bin
C Compiler:      Armcc.exe V5.06 update 6 (build 750)
Assembler:       Armasm.exe V5.06 update 6 (build 750)
Linker/Locator:  ArmLink.exe V5.06 update 6 (build 750)
Library Manager: ArmAr.exe V5.06 update 6 (build 750)
Hex Converter:   FromElf.exe V5.06 update 6 (build 750)
CPU DLL:         SARMCM3.DLL V5.30.0.0
Dialog DLL:      DCM.DLL V1.17.3.0
Target DLL:      STLink\ST-LINKIII-KEIL_SWO.dll V3.0.7.0
Dialog DLL:      TCM.DLL V1.42.0.0
 
<h2>Project:</h2>
E:\Stm32\STM32F103C8T6\Stable2.0\USER\C8T6.uvprojx
Project File Date:  01/16/2022

<h2>Output:</h2>
*** Using Compiler 'V5.06 update 6 (build 750)', folder: 'D:\Software\KEIL_MDK\ARM\ARMCC\Bin'
Build target 'WY'
compiling pidctrl.c...
compiling system_stm32f10x.c...
compiling stm32f10x_it.c...
compiling wy_gpio.c...
compiling use.c...
compiling main.c...
compiling control.c...
compiling wy_menu.c...
compiling wy_beep.c...
compiling wy_led.c...
compiling wy_uart.c...
compiling wy_exti.c...
compiling wy_key.c...
compiling wy_pwm.c...
compiling wy_timer.c...
compiling wy_oled.c...
compiling wy_encode.c...
compiling wy_capture.c...
compiling wy_adc.c...
compiling wy_tpad.c...
compiling wy_mpu6050.c...
compiling wy_mpuiic.c...
compiling inv_mpu_dmp_motion_driver.c...
compiling inv_mpu.c...
compiling wy_tftlcd.c...
compiling wy_font.c...
compiling 24cxx.c...
compiling wy_iic.c...
compiling sccb.c...
compiling wy_ultrasonic.c...
compiling wy_ov7725.c...
compiling wy_openmv.c...
compiling wy_flash.c...
compiling wy_host.c...
compiling delay.c...
compiling misc.c...
compiling stm32f10x_adc.c...
compiling stm32f10x_bkp.c...
compiling sys.c...
compiling stm32f10x_cec.c...
compiling usart.c...
compiling stm32f10x_can.c...
compiling stm32f10x_crc.c...
compiling stm32f10x_dac.c...
compiling stm32f10x_exti.c...
compiling stm32f10x_dbgmcu.c...
compiling stm32f10x_dma.c...
compiling stm32f10x_flash.c...
compiling stm32f10x_fsmc.c...
compiling stm32f10x_gpio.c...
compiling stm32f10x_i2c.c...
compiling stm32f10x_pwr.c...
compiling stm32f10x_rtc.c...
compiling stm32f10x_iwdg.c...
compiling stm32f10x_sdio.c...
compiling stm32f10x_rcc.c...
compiling stm32f10x_spi.c...
assembling startup_stm32f10x_hd.s...
compiling stm32f10x_tim.c...
compiling stm32f10x_usart.c...
compiling core_cm3.c...
compiling stm32f10x_wwdg.c...
linking...
Program Size: Code=17044 RO-data=660 RW-data=212 ZI-data=3260  
FromELF: creating hex file...
"..\OBJ\t1.axf" - 0 Error(s), 0 Warning(s).

<h2>Software Packages used:</h2>

Package Vendor: Keil
                http://www.keil.com/pack/Keil.STM32F1xx_DFP.2.0.0.pack
                Keil.STM32F1xx_DFP.2.0.0
                STMicroelectronics STM32F1 Series Device Support, Drivers and Examples

<h2>Collection of Component include folders:</h2>
  .\RTE\_WY
  D:\Software\KEIL_MDK\Keil\STM32F1xx_DFP\2.0.0\Device\Include

<h2>Collection of Component Files used:</h2>
Build Time Elapsed:  00:00:07
</pre>
</body>
</html>
